
=== S1_ideal: correct model, ideal direct observation, no transport
    strategies ('A', 'B', 'C', 'D', 'E', 'F') x seeds [1, 2, 3, 4]
  [A] round 1/6  T=40.0C Q=1.0mL/min EGDA=1.000M cat=0.500M k1_ref=6.854e-04  Ea1= 44.4  maxCI=    inf%  logdetF=-inf
  [A] round 2/6  T=60.0C Q=1.0mL/min EGDA=1.000M cat=0.500M k1_ref=1.251e-03  Ea1= 70.5  maxCI=    inf%  logdetF=-inf
  [A] round 3/6  T=80.0C Q=1.0mL/min EGDA=1.000M cat=0.500M k1_ref=1.090e-03  Ea1= 41.8  maxCI=    inf%  logdetF=-inf
  [A] round 4/6  T=120.0C Q=1.0mL/min EGDA=1.000M cat=0.500M k1_ref=1.136e-03  Ea1= 38.3  maxCI=    inf%  logdetF=-inf
  [A] round 5/6  T=140.0C Q=1.0mL/min EGDA=1.000M cat=0.500M k1_ref=1.170e-03  Ea1= 37.5  maxCI=    inf%  logdetF=-29.0
  [A] round 6/6  T=160.0C Q=1.0mL/min EGDA=1.000M cat=0.500M k1_ref=1.038e-03  Ea1= 39.6  maxCI=    inf%  logdetF=-inf
    S1_ideal/A/seed1: 1.4 s
  [A] round 1/6  T=40.0C Q=1.0mL/min EGDA=1.000M cat=0.500M k1_ref=7.936e-05  Ea1=120.0  maxCI=    inf%  logdetF=-inf
  [A] round 2/6  T=60.0C Q=1.0mL/min EGDA=1.000M cat=0.500M k1_ref=1.429e-03  Ea1=120.0  maxCI=    inf%  logdetF=-inf
  [A] round 3/6  T=80.0C Q=1.0mL/min EGDA=1.000M cat=0.500M k1_ref=8.034e-04  Ea1= 47.1  maxCI=    inf%  logdetF=-inf
  [A] round 4/6  T=120.0C Q=1.0mL/min EGDA=1.000M cat=0.500M k1_ref=8.457e-04  Ea1= 42.4  maxCI=    inf%  logdetF=-inf
  [A] round 5/6  T=140.0C Q=1.0mL/min EGDA=1.000M cat=0.500M k1_ref=9.109e-04  Ea1= 40.7  maxCI=    inf%  logdetF=-27.2
  [A] round 6/6  T=160.0C Q=1.0mL/min EGDA=1.000M cat=0.500M k1_ref=8.387e-04  Ea1= 42.1  maxCI=    inf%  logdetF=-inf
    S1_ideal/A/seed2: 1.0 s
  [A] round 1/6  T=40.0C Q=1.0mL/min EGDA=1.000M cat=0.500M k1_ref=7.936e-05  Ea1=120.0  maxCI=    inf%  logdetF=-inf
  [A] round 2/6  T=60.0C Q=1.0mL/min EGDA=1.000M cat=0.500M k1_ref=8.386e-04  Ea1=120.0  maxCI=    inf%  logdetF=-inf
  [A] round 3/6  T=80.0C Q=1.0mL/min EGDA=1.000M cat=0.500M k1_ref=6.097e-04  Ea1= 84.8  maxCI=    inf%  logdetF=-inf
  [A] round 4/6  T=120.0C Q=1.0mL/min EGDA=1.000M cat=0.500M k1_ref=1.133e-03  Ea1= 37.2  maxCI=    inf%  logdetF=-inf
  [A] round 5/6  T=140.0C Q=1.0mL/min EGDA=1.000M cat=0.500M k1_ref=1.076e-03  Ea1= 38.6  maxCI=    inf%  logdetF=-inf
  [A] round 6/6  T=160.0C Q=1.0mL/min EGDA=1.000M cat=0.500M k1_ref=9.537e-04  Ea1= 40.7  maxCI=    inf%  logdetF=-inf
    S1_ideal/A/seed3: 1.0 s
  [A] round 1/6  T=40.0C Q=1.0mL/min EGDA=1.000M cat=0.500M k1_ref=2.216e-03  Ea1= 52.5  maxCI=    inf%  logdetF=-inf
  [A] round 2/6  T=60.0C Q=1.0mL/min EGDA=1.000M cat=0.500M k1_ref=1.188e-03  Ea1= 28.1  maxCI=    inf%  logdetF=-inf
  [A] round 3/6  T=80.0C Q=1.0mL/min EGDA=1.000M cat=0.500M k1_ref=1.303e-03  Ea1= 41.6  maxCI=    inf%  logdetF=-inf
  [A] round 4/6  T=120.0C Q=1.0mL/min EGDA=1.000M cat=0.500M k1_ref=1.375e-03  Ea1= 36.3  maxCI=    inf%  logdetF=-inf
  [A] round 5/6  T=140.0C Q=1.0mL/min EGDA=1.000M cat=0.500M k1_ref=1.405e-03  Ea1= 35.7  maxCI=    inf%  logdetF=-inf
  [A] round 6/6  T=160.0C Q=1.0mL/min EGDA=1.000M cat=0.500M k1_ref=1.377e-03  Ea1= 36.0  maxCI=    inf%  logdetF=-inf
    S1_ideal/A/seed4: 1.0 s
  [B] round 1/6  T=40.0C Q=1.0mL/min EGDA=1.000M cat=0.500M k1_ref=1.721e-03  Ea1= 62.9  maxCI=    inf%  logdetF=-inf
  [B] round 2/6  T=60.0C Q=1.0mL/min EGDA=1.000M cat=0.500M k1_ref=8.725e-04  Ea1= 33.4  maxCI=    inf%  logdetF=-inf
  [B] round 3/6  T=80.0C Q=1.0mL/min EGDA=1.000M cat=0.500M k1_ref=9.200e-04  Ea1= 46.0  maxCI=    inf%  logdetF=-inf
  [B] round 4/6  T=120.0C Q=1.0mL/min EGDA=1.000M cat=0.500M k1_ref=9.988e-04  Ea1= 39.8  maxCI=    inf%  logdetF=-inf
  [B] round 5/6  T=140.0C Q=1.0mL/min EGDA=1.000M cat=0.500M k1_ref=1.008e-03  Ea1= 39.6  maxCI=    inf%  logdetF=-16.5
  [B] round 6/6  T=160.0C Q=1.0mL/min EGDA=1.000M cat=0.500M k1_ref=9.684e-04  Ea1= 40.3  maxCI=    inf%  logdetF=-3.4
    S1_ideal/B/seed1: 0.8 s
  [B] round 1/6  T=40.0C Q=1.0mL/min EGDA=1.000M cat=0.500M k1_ref=3.191e-03  Ea1=101.8  maxCI=    inf%  logdetF=-inf
  [B] round 2/6  T=60.0C Q=1.0mL/min EGDA=1.000M cat=0.500M k1_ref=9.902e-04  Ea1= 51.2  maxCI=    inf%  logdetF=-inf
  [B] round 3/6  T=80.0C Q=1.0mL/min EGDA=1.000M cat=0.500M k1_ref=9.277e-04  Ea1= 40.1  maxCI=    inf%  logdetF=-inf
  [B] round 4/6  T=120.0C Q=1.0mL/min EGDA=1.000M cat=0.500M k1_ref=8.976e-04  Ea1= 42.4  maxCI=    inf%  logdetF=-inf
  [B] round 5/6  T=140.0C Q=1.0mL/min EGDA=1.000M cat=0.500M k1_ref=9.998e-04  Ea1= 39.9  maxCI=    inf%  logdetF=-inf
  [B] round 6/6  T=160.0C Q=1.0mL/min EGDA=1.000M cat=0.500M k1_ref=9.918e-04  Ea1= 40.0  maxCI=    inf%  logdetF=-inf
    S1_ideal/B/seed2: 1.0 s
  [B] round 1/6  T=40.0C Q=1.0mL/min EGDA=1.000M cat=0.500M k1_ref=5.046e-03  Ea1= 91.8  maxCI=    inf%  logdetF=-inf
  [B] round 2/6  T=60.0C Q=1.0mL/min EGDA=1.000M cat=0.500M k1_ref=7.127e-04  Ea1= 20.0  maxCI=    inf%  logdetF=-inf
  [B] round 3/6  T=80.0C Q=1.0mL/min EGDA=1.000M cat=0.500M k1_ref=8.455e-04  Ea1= 56.2  maxCI=    inf%  logdetF=-inf
  [B] round 4/6  T=120.0C Q=1.0mL/min EGDA=1.000M cat=0.500M k1_ref=1.099e-03  Ea1= 37.7  maxCI=    inf%  logdetF=-34.3
  [B] round 5/6  T=140.0C Q=1.0mL/min EGDA=1.000M cat=0.500M k1_ref=9.434e-04  Ea1= 41.3  maxCI=    inf%  logdetF=-17.2
  [B] round 6/6  T=160.0C Q=1.0mL/min EGDA=1.000M cat=0.500M k1_ref=1.055e-03  Ea1= 39.3  maxCI=    inf%  logdetF=-4.7
    S1_ideal/B/seed3: 1.1 s
  [B] round 1/6  T=40.0C Q=1.0mL/min EGDA=1.000M cat=0.500M k1_ref=1.324e-03  Ea1= 66.0  maxCI=    inf%  logdetF=-inf
  [B] round 2/6  T=60.0C Q=1.0mL/min EGDA=1.000M cat=0.500M k1_ref=1.186e-03  Ea1= 63.5  maxCI=    inf%  logdetF=-inf
  [B] round 3/6  T=80.0C Q=1.0mL/min EGDA=1.000M cat=0.500M k1_ref=1.050e-03  Ea1= 40.2  maxCI=    inf%  logdetF=-inf
  [B] round 4/6  T=120.0C Q=1.0mL/min EGDA=1.000M cat=0.500M k1_ref=1.070e-03  Ea1= 38.6  maxCI=    inf%  logdetF=-35.0
  [B] round 5/6  T=140.0C Q=1.0mL/min EGDA=1.000M cat=0.500M k1_ref=9.969e-04  Ea1= 40.2  maxCI=    inf%  logdetF=-inf
  [B] round 6/6  T=160.0C Q=1.0mL/min EGDA=1.000M cat=0.500M k1_ref=1.036e-03  Ea1= 39.6  maxCI=    inf%  logdetF=-4.3
    S1_ideal/B/seed4: 1.1 s
  [C] round 1/6  T=40.0C Q=1.0mL/min EGDA=1.000M cat=0.500M k1_ref=6.854e-04  Ea1= 44.4  maxCI=    inf%  logdetF=-inf
  [C] round 2/6  T=160.0C Q=0.5mL/min EGDA=1.000M cat=1.000M k1_ref=6.901e-04  Ea1= 44.7  maxCI=    inf%  logdetF=-inf
  [C] round 3/6  T=160.0C Q=0.5mL/min EGDA=1.000M cat=0.500M k1_ref=6.888e-04  Ea1= 44.7  maxCI=    inf%  logdetF=-inf
  [C] round 4/6  T=140.0C Q=0.5mL/min EGDA=1.000M cat=1.000M k1_ref=1.038e-03  Ea1= 39.8  maxCI= 5184.8%  logdetF= 8.2
  [C] round 5/6  T=120.0C Q=0.5mL/min EGDA=1.000M cat=1.000M k1_ref=9.511e-04  Ea1= 40.8  maxCI= 4927.9%  logdetF= 10.6
  [C] round 6/6  T=160.0C Q=0.5mL/min EGDA=1.000M cat=1.000M k1_ref=9.508e-04  Ea1= 40.8  maxCI=398939.3%  logdetF= 8.8
    S1_ideal/C/seed1: 1.9 s
  [C] round 1/6  T=40.0C Q=1.0mL/min EGDA=1.000M cat=0.500M k1_ref=7.936e-05  Ea1=120.0  maxCI=    inf%  logdetF=-inf
  [C] round 2/6  T=160.0C Q=8.0mL/min EGDA=1.000M cat=0.500M k1_ref=7.936e-05  Ea1= 72.1  maxCI=    inf%  logdetF=-inf
  [C] round 3/6  T=160.0C Q=0.5mL/min EGDA=1.000M cat=1.000M k1_ref=7.940e-05  Ea1= 70.8  maxCI=    inf%  logdetF=-inf
  [C] round 4/6  T=140.0C Q=0.5mL/min EGDA=1.000M cat=1.000M k1_ref=8.055e-04  Ea1= 43.1  maxCI=    inf%  logdetF=-6.3
  [C] round 5/6  T=160.0C Q=0.5mL/min EGDA=1.000M cat=0.500M k1_ref=9.606e-04  Ea1= 40.3  maxCI=4309938664595153377739955210357755985263689247760244278545171274274348984880387031392036235612673187774464.0%  logdetF=-3.3
  [C] round 6/6  T=120.0C Q=0.5mL/min EGDA=1.000M cat=1.000M k1_ref=1.020e-03  Ea1= 39.6  maxCI=    inf%  logdetF=-0.5
    S1_ideal/C/seed2: 2.3 s
  [C] round 1/6  T=40.0C Q=1.0mL/min EGDA=1.000M cat=0.500M k1_ref=7.936e-05  Ea1=120.0  maxCI=    inf%  logdetF=-inf
  [C] round 2/6  T=140.0C Q=2.0mL/min EGDA=1.000M cat=0.500M k1_ref=7.936e-05  Ea1= 76.0  maxCI=    inf%  logdetF=-inf
  [C] round 3/6  T=160.0C Q=0.5mL/min EGDA=1.000M cat=1.000M k1_ref=4.246e-04  Ea1= 51.6  maxCI=    inf%  logdetF=-inf
  [C] round 4/6  T=160.0C Q=0.5mL/min EGDA=1.000M cat=0.500M k1_ref=5.849e-04  Ea1= 46.7  maxCI=    inf%  logdetF=-8.3
  [C] round 5/6  T=140.0C Q=0.5mL/min EGDA=1.000M cat=1.000M k1_ref=8.029e-04  Ea1= 42.9  maxCI=    inf%  logdetF= 1.0
  [C] round 6/6  T=120.0C Q=0.5mL/min EGDA=1.000M cat=1.000M k1_ref=9.754e-04  Ea1= 40.5  maxCI=    inf%  logdetF= 3.5
    S1_ideal/C/seed3: 2.0 s
  [C] round 1/6  T=40.0C Q=1.0mL/min EGDA=1.000M cat=0.500M k1_ref=2.216e-03  Ea1= 52.5  maxCI=    inf%  logdetF=-inf
  [C] round 2/6  T=160.0C Q=2.0mL/min EGDA=1.000M cat=1.000M k1_ref=1.380e-03  Ea1= 36.4  maxCI=    inf%  logdetF=-inf
  [C] round 3/6  T=160.0C Q=0.5mL/min EGDA=1.000M cat=1.000M k1_ref=1.385e-03  Ea1= 36.6  maxCI=    inf%  logdetF=-18.4
  [C] round 4/6  T=100.0C Q=0.5mL/min EGDA=1.000M cat=1.000M k1_ref=1.095e-03  Ea1= 39.4  maxCI=    inf%  logdetF=-7.7
  [C] round 5/6  T=160.0C Q=0.5mL/min EGDA=1.000M cat=0.500M k1_ref=1.098e-03  Ea1= 39.3  maxCI=    inf%  logdetF=-5.5
  [C] round 6/6  T=120.0C Q=0.5mL/min EGDA=1.000M cat=1.000M k1_ref=1.020e-03  Ea1= 40.1  maxCI=    inf%  logdetF=-3.3
    S1_ideal/C/seed4: 1.8 s
  [D] round 1/6  T=40.0C Q=1.0mL/min EGDA=1.000M cat=0.500M k1_ref=1.721e-03  Ea1= 62.9  maxCI=    inf%  logdetF=-inf
  [D] round 2/6  T=160.0C Q=0.5mL/min EGDA=1.000M cat=0.500M k1_ref=9.708e-04  Ea1= 40.3  maxCI=    inf%  logdetF=-21.1
  [D] round 3/6  T=140.0C Q=0.5mL/min EGDA=1.000M cat=1.000M k1_ref=1.008e-03  Ea1= 39.8  maxCI=2192482677783034977364739172652419065968345120302998318952327628883466080977414782440303647102639083699101405678386115967121974596168927150080.0%  logdetF=-5.8
  [D] round 4/6  T=160.0C Q=0.5mL/min EGDA=1.000M cat=1.000M k1_ref=1.008e-03  Ea1= 39.8  maxCI=    inf%  logdetF= 9.1
  [D] round 5/6  T=160.0C Q=0.5mL/min EGDA=1.000M cat=1.000M k1_ref=1.007e-03  Ea1= 39.9  maxCI=10602.8%  logdetF= 16.7
  [D] round 6/6  T=120.0C Q=0.5mL/min EGDA=1.000M cat=1.000M k1_ref=1.000e-03  Ea1= 40.0  maxCI= 8505.5%  logdetF= 18.7
    S1_ideal/D/seed1: 1.8 s
  [D] round 1/6  T=40.0C Q=1.0mL/min EGDA=1.000M cat=0.500M k1_ref=3.191e-03  Ea1=101.8  maxCI=    inf%  logdetF=-inf
  [D] round 2/6  T=160.0C Q=8.0mL/min EGDA=1.000M cat=1.000M k1_ref=6.963e-04  Ea1= 44.3  maxCI=    inf%  logdetF=-inf
  [D] round 3/6  T=140.0C Q=0.5mL/min EGDA=1.000M cat=1.000M k1_ref=9.484e-04  Ea1= 40.6  maxCI=    inf%  logdetF=-10.2
  [D] round 4/6  T=160.0C Q=0.5mL/min EGDA=1.000M cat=1.000M k1_ref=9.399e-04  Ea1= 40.8  maxCI=    inf%  logdetF= 7.7
  [D] round 5/6  T=160.0C Q=0.5mL/min EGDA=1.000M cat=1.000M k1_ref=9.586e-04  Ea1= 40.5  maxCI=    inf%  logdetF= 8.4
  [D] round 6/6  T=120.0C Q=0.5mL/min EGDA=1.000M cat=1.000M k1_ref=9.835e-04  Ea1= 40.2  maxCI=    inf%  logdetF= 11.1
    S1_ideal/D/seed2: 2.0 s
  [D] round 1/6  T=40.0C Q=1.0mL/min EGDA=1.000M cat=0.500M k1_ref=5.046e-03  Ea1= 91.8  maxCI=    inf%  logdetF=-inf
  [D] round 2/6  T=160.0C Q=8.0mL/min EGDA=1.000M cat=1.000M k1_ref=1.372e-03  Ea1= 35.3  maxCI=    inf%  logdetF=-inf
  [D] round 3/6  T=160.0C Q=0.5mL/min EGDA=1.000M cat=1.000M k1_ref=1.397e-03  Ea1= 36.1  maxCI=    inf%  logdetF=-inf
  [D] round 4/6  T=140.0C Q=0.5mL/min EGDA=1.000M cat=1.000M k1_ref=8.961e-04  Ea1= 41.4  maxCI=    inf%  logdetF= 7.1
  [D] round 5/6  T=160.0C Q=0.5mL/min EGDA=1.000M cat=1.000M k1_ref=8.880e-04  Ea1= 41.6  maxCI=    inf%  logdetF= 9.8
  [D] round 6/6  T=120.0C Q=0.5mL/min EGDA=1.000M cat=1.000M k1_ref=9.291e-04  Ea1= 41.0  maxCI=    inf%  logdetF= 12.3
    S1_ideal/D/seed3: 1.8 s
  [D] round 1/6  T=40.0C Q=1.0mL/min EGDA=1.000M cat=0.500M k1_ref=1.324e-03  Ea1= 66.0  maxCI=    inf%  logdetF=-inf
  [D] round 2/6  T=160.0C Q=0.5mL/min EGDA=1.000M cat=0.500M k1_ref=7.582e-04  Ea1= 43.5  maxCI=    inf%  logdetF=-3.9
  [D] round 3/6  T=140.0C Q=0.5mL/min EGDA=1.000M cat=1.000M k1_ref=9.942e-04  Ea1= 40.3  maxCI=    inf%  logdetF= 12.7
  [D] round 4/6  T=160.0C Q=0.5mL/min EGDA=1.000M cat=1.000M k1_ref=9.968e-04  Ea1= 40.2  maxCI=  318.6%  logdetF= 17.8
  [D] round 5/6  T=120.0C Q=0.5mL/min EGDA=1.000M cat=1.000M k1_ref=1.009e-03  Ea1= 40.1  maxCI=  301.4%  logdetF= 20.0
  [D] round 6/6  T=160.0C Q=0.5mL/min EGDA=1.000M cat=1.000M k1_ref=1.010e-03  Ea1= 40.1  maxCI=  192.3%  logdetF= 22.3
    S1_ideal/D/seed4: 2.0 s
  [E] round 1/6  T=40.0C Q=1.0mL/min EGDA=1.000M cat=0.500M z/L=[0.78  0.804 0.828 0.853 0.878 0.902 0.926 0.951 0.976 1.   ] maxCI=    inf%
  [E] round 2/6  T=160.0C Q=0.5mL/min EGDA=1.000M cat=0.500M z/L=[0.265 0.29  0.314 0.338 0.363 0.559 0.926 0.951 0.976 1.   ] maxCI=4216560125459452352856885540495462299285806105190311384142159514562527522443522767113661095266276092723971772825712265094706831016123871939765600301640938734610917852559362059216954015694953894926406909952.0%
  [E] round 3/6  T=140.0C Q=0.5mL/min EGDA=1.000M cat=1.000M z/L=[0.486 0.51  0.535 0.559 0.584 0.608 0.926 0.951 0.976 1.   ] maxCI=910939804728721386446642640523075544965637676819972413719881017943449959901997542347516441100210228985854528813713588224.0%
  [E] round 4/6  T=160.0C Q=0.5mL/min EGDA=1.000M cat=1.000M z/L=[0.486 0.51  0.535 0.853 0.878 0.902 0.926 0.951 0.976 1.   ] maxCI=    inf%
  [E] round 5/6  T=120.0C Q=0.5mL/min EGDA=1.000M cat=1.000M z/L=[0.78  0.804 0.828 0.853 0.878 0.902 0.926 0.951 0.976 1.   ] maxCI=    inf%
  [E] round 6/6  T=160.0C Q=0.5mL/min EGDA=1.000M cat=1.000M z/L=[0.436 0.461 0.486 0.51  0.535 0.902 0.926 0.951 0.976 1.   ] maxCI=    inf%
    S1_ideal/E/seed1: 2.0 s
  [E] round 1/6  T=40.0C Q=1.0mL/min EGDA=1.000M cat=0.500M z/L=[0.78  0.804 0.828 0.853 0.878 0.902 0.926 0.951 0.976 1.   ] maxCI=    inf%
  [E] round 2/6  T=160.0C Q=2.0mL/min EGDA=1.000M cat=1.000M z/L=[0.167 0.192 0.216 0.265 0.559 0.584 0.608 0.951 0.976 1.   ] maxCI=    inf%
  [E] round 3/6  T=140.0C Q=0.5mL/min EGDA=1.000M cat=1.000M z/L=[0.486 0.51  0.535 0.559 0.584 0.608 0.926 0.951 0.976 1.   ] maxCI=    inf%
  [E] round 4/6  T=160.0C Q=0.5mL/min EGDA=1.000M cat=1.000M z/L=[0.461 0.486 0.51  0.535 0.559 0.902 0.926 0.951 0.976 1.   ] maxCI=    inf%
  [E] round 5/6  T=160.0C Q=0.5mL/min EGDA=1.000M cat=1.000M z/L=[0.436 0.461 0.486 0.51  0.535 0.902 0.926 0.951 0.976 1.   ] maxCI=    inf%
  [E] round 6/6  T=120.0C Q=0.5mL/min EGDA=1.000M cat=1.000M z/L=[0.78  0.804 0.828 0.853 0.878 0.902 0.926 0.951 0.976 1.   ] maxCI=    inf%
    S1_ideal/E/seed2: 1.9 s
  [E] round 1/6  T=40.0C Q=1.0mL/min EGDA=1.000M cat=0.500M z/L=[0.78  0.804 0.828 0.853 0.878 0.902 0.926 0.951 0.976 1.   ] maxCI=    inf%
  [E] round 2/6  T=140.0C Q=0.5mL/min EGDA=1.000M cat=0.500M z/L=[0.192 0.216 0.24  0.338 0.559 0.584 0.632 0.951 0.976 1.   ] maxCI=    inf%
  [E] round 3/6  T=160.0C Q=0.5mL/min EGDA=1.000M cat=1.000M z/L=[0.363 0.388 0.412 0.436 0.461 0.902 0.926 0.951 0.976 1.   ] maxCI=    inf%
  [E] round 4/6  T=120.0C Q=0.5mL/min EGDA=1.000M cat=1.000M z/L=[0.78  0.804 0.828 0.853 0.878 0.902 0.926 0.951 0.976 1.   ] maxCI=    inf%
  [E] round 5/6  T=160.0C Q=0.5mL/min EGDA=1.000M cat=1.000M z/L=[0.436 0.461 0.486 0.51  0.535 0.559 0.926 0.951 0.976 1.   ] maxCI=    inf%
  [E] round 6/6  T=160.0C Q=0.5mL/min EGDA=1.000M cat=1.000M z/L=[0.412 0.436 0.461 0.486 0.51  0.535 0.926 0.951 0.976 1.   ] maxCI=    inf%
    S1_ideal/E/seed3: 1.9 s
  [E] round 1/6  T=40.0C Q=1.0mL/min EGDA=1.000M cat=0.500M z/L=[0.78  0.804 0.828 0.853 0.878 0.902 0.926 0.951 0.976 1.   ] maxCI=    inf%
  [E] round 2/6  T=160.0C Q=2.0mL/min EGDA=1.000M cat=1.000M z/L=[0.314 0.338 0.363 0.388 0.412 0.535 0.926 0.951 0.976 1.   ] maxCI=    inf%
  [E] round 3/6  T=140.0C Q=0.5mL/min EGDA=1.000M cat=1.000M z/L=[0.461 0.486 0.51  0.535 0.559 0.584 0.926 0.951 0.976 1.   ] maxCI=    inf%
  [E] round 4/6  T=160.0C Q=0.5mL/min EGDA=1.000M cat=1.000M z/L=[0.461 0.486 0.51  0.535 0.559 0.902 0.926 0.951 0.976 1.   ] maxCI= 1416.4%
  [E] round 5/6  T=160.0C Q=0.5mL/min EGDA=1.000M cat=1.000M z/L=[0.436 0.461 0.486 0.51  0.535 0.902 0.926 0.951 0.976 1.   ] maxCI=    inf%
  [E] round 6/6  T=120.0C Q=0.5mL/min EGDA=1.000M cat=1.000M z/L=[0.78  0.804 0.828 0.853 0.878 0.902 0.926 0.951 0.976 1.   ] maxCI=    inf%
    S1_ideal/E/seed4: 2.0 s
  [F] round 1/6  T=40.0C Q=1.0mL/min EGDA=1.000M cat=0.500M n_z=10  NORMAL_LEARNING      rev-pitzer=1.00
  [F] round 2/6  T=160.0C Q=0.5mL/min EGDA=1.000M cat=0.500M n_z=10  NORMAL_LEARNING      rev-pitzer=1.00
  [F] round 3/6  T=140.0C Q=0.5mL/min EGDA=1.000M cat=1.000M n_z=10  NORMAL_LEARNING      rev-pitzer=1.00
  [F] round 4/6  T=160.0C Q=0.5mL/min EGDA=1.000M cat=1.000M n_z=10  NORMAL_LEARNING      rev-pitzer=1.00
  [F] round 5/6  T=120.0C Q=0.5mL/min EGDA=1.000M cat=1.000M n_z=10  NORMAL_LEARNING      rev-pitzer=1.00
  [F] round 6/6  T=160.0C Q=0.5mL/min EGDA=1.000M cat=0.500M n_z=10  NORMAL_LEARNING      rev-pitzer=1.00
    S1_ideal/F/seed1: 2.8 s
  [F] round 1/6  T=40.0C Q=1.0mL/min EGDA=1.000M cat=0.500M n_z=10  NORMAL_LEARNING      rev-pitzer=1.00
  [F] round 2/6  T=160.0C Q=0.5mL/min EGDA=1.000M cat=1.000M n_z=10  NORMAL_LEARNING      rev-pitzer=1.00
  [F] round 3/6  T=140.0C Q=0.5mL/min EGDA=1.000M cat=1.000M n_z=10  NORMAL_LEARNING      rev-pitzer=1.00
  [F] round 4/6  T=120.0C Q=0.5mL/min EGDA=1.000M cat=1.000M n_z=10  NORMAL_LEARNING      rev-pitzer=1.00
  [F] round 5/6  T=160.0C Q=0.5mL/min EGDA=1.000M cat=1.000M n_z=10  NORMAL_LEARNING      rev-pitzer=1.00
  [F] round 6/6  T=160.0C Q=0.5mL/min EGDA=1.000M cat=0.500M n_z=10  NORMAL_LEARNING      rev-pitzer=1.00
    S1_ideal/F/seed2: 2.8 s
  [F] round 1/6  T=40.0C Q=1.0mL/min EGDA=1.000M cat=0.500M n_z=10  NORMAL_LEARNING      rev-pitzer=1.00
  [F] round 2/6  T=160.0C Q=0.5mL/min EGDA=1.000M cat=0.500M n_z=10  NORMAL_LEARNING      rev-pitzer=1.00
  [F] round 3/6  T=120.0C Q=0.5mL/min EGDA=1.000M cat=1.000M n_z=10  NORMAL_LEARNING      rev-pitzer=1.00
  [F] round 4/6  T=160.0C Q=0.5mL/min EGDA=1.000M cat=1.000M n_z=10  NORMAL_LEARNING      rev-pitzer=1.00
  [F] round 5/6  T=160.0C Q=0.5mL/min EGDA=1.000M cat=1.000M n_z=10  NORMAL_LEARNING      rev-pitzer=1.00
  [F] round 6/6  T=120.0C Q=0.5mL/min EGDA=1.000M cat=1.000M n_z=10  NORMAL_LEARNING      rev-pitzer=1.00
    S1_ideal/F/seed3: 2.8 s
  [F] round 1/6  T=40.0C Q=1.0mL/min EGDA=1.000M cat=0.500M n_z=10  NORMAL_LEARNING      rev-pitzer=1.00
  [F] round 2/6  T=160.0C Q=0.5mL/min EGDA=1.000M cat=0.500M n_z=10  NORMAL_LEARNING      rev-pitzer=1.00
  [F] round 3/6  T=120.0C Q=0.5mL/min EGDA=1.000M cat=1.000M n_z=10  NORMAL_LEARNING      rev-pitzer=1.00
  [F] round 4/6  T=160.0C Q=0.5mL/min EGDA=1.000M cat=1.000M n_z=10  NORMAL_LEARNING      rev-pitzer=1.00
  [F] round 5/6  T=160.0C Q=0.5mL/min EGDA=1.000M cat=1.000M n_z=10  NORMAL_LEARNING      rev-pitzer=1.00
  [F] round 6/6  T=140.0C Q=0.5mL/min EGDA=1.000M cat=1.000M n_z=10  NORMAL_LEARNING      rev-pitzer=1.00
    S1_ideal/F/seed4: 2.8 s
    S1_ideal done in 43 s

=== S2_nmr: realistic Fourier-80 spectra + deconvolution
    strategies ('B', 'D', 'F') x seeds [1, 2, 3, 4]
  [B] round 1/6  T=40.0C Q=1.0mL/min EGDA=1.000M cat=0.500M k1_ref=2.134e-03  Ea1= 57.3  maxCI=    inf%  logdetF=-inf
  [B] round 2/6  T=60.0C Q=1.0mL/min EGDA=1.000M cat=0.500M k1_ref=1.492e-03  Ea1= 41.8  maxCI=    inf%  logdetF=-inf
  [B] round 3/6  T=80.0C Q=1.0mL/min EGDA=1.000M cat=0.500M k1_ref=1.326e-03  Ea1= 27.8  maxCI=    inf%  logdetF=-inf
  [B] round 4/6  T=120.0C Q=1.0mL/min EGDA=1.000M cat=0.500M k1_ref=1.187e-03  Ea1= 37.9  maxCI=    inf%  logdetF=-inf
  [B] round 5/6  T=140.0C Q=1.0mL/min EGDA=1.000M cat=0.500M k1_ref=1.249e-03  Ea1= 36.7  maxCI=    inf%  logdetF=-inf
  [B] round 6/6  T=160.0C Q=1.0mL/min EGDA=1.000M cat=0.500M k1_ref=1.126e-03  Ea1= 38.5  maxCI=    inf%  logdetF=-inf
    S2_nmr/B/seed1: 2.0 s
  [B] round 1/6  T=40.0C Q=1.0mL/min EGDA=1.000M cat=0.500M k1_ref=6.567e-03  Ea1= 67.3  maxCI=    inf%  logdetF=-inf
  [B] round 2/6  T=60.0C Q=1.0mL/min EGDA=1.000M cat=0.500M k1_ref=1.447e-03  Ea1= 20.0  maxCI=    inf%  logdetF=-inf
  [B] round 3/6  T=80.0C Q=1.0mL/min EGDA=1.000M cat=0.500M k1_ref=1.700e-03  Ea1= 25.9  maxCI=    inf%  logdetF=-inf
  [B] round 4/6  T=120.0C Q=1.0mL/min EGDA=1.000M cat=0.500M k1_ref=1.633e-03  Ea1= 30.2  maxCI=    inf%  logdetF=-inf
  [B] round 5/6  T=140.0C Q=1.0mL/min EGDA=1.000M cat=0.500M k1_ref=1.318e-03  Ea1= 35.8  maxCI=    inf%  logdetF=-inf
  [B] round 6/6  T=160.0C Q=1.0mL/min EGDA=1.000M cat=0.500M k1_ref=1.165e-03  Ea1= 38.0  maxCI=    inf%  logdetF=-inf
    S2_nmr/B/seed2: 2.0 s
  [B] round 1/6  T=40.0C Q=1.0mL/min EGDA=1.000M cat=0.500M k1_ref=4.959e-03  Ea1= 48.4  maxCI=    inf%  logdetF=-inf
  [B] round 2/6  T=60.0C Q=1.0mL/min EGDA=1.000M cat=0.500M k1_ref=1.744e-03  Ea1= 20.0  maxCI=    inf%  logdetF=-inf
  [B] round 3/6  T=80.0C Q=1.0mL/min EGDA=1.000M cat=0.500M k1_ref=1.832e-03  Ea1= 20.0  maxCI=    inf%  logdetF=-inf
  [B] round 4/6  T=120.0C Q=1.0mL/min EGDA=1.000M cat=0.500M k1_ref=1.711e-03  Ea1= 29.4  maxCI=    inf%  logdetF=-inf
  [B] round 5/6  T=140.0C Q=1.0mL/min EGDA=1.000M cat=0.500M k1_ref=1.447e-03  Ea1= 33.9  maxCI=    inf%  logdetF=-inf
  [B] round 6/6  T=160.0C Q=1.0mL/min EGDA=1.000M cat=0.500M k1_ref=1.140e-03  Ea1= 38.1  maxCI=    inf%  logdetF=-inf
    S2_nmr/B/seed3: 1.8 s
  [B] round 1/6  T=40.0C Q=1.0mL/min EGDA=1.000M cat=0.500M k1_ref=2.939e-03  Ea1= 54.0  maxCI=    inf%  logdetF=-inf
  [B] round 2/6  T=60.0C Q=1.0mL/min EGDA=1.000M cat=0.500M k1_ref=1.819e-03  Ea1= 33.2  maxCI=    inf%  logdetF=-inf
  [B] round 3/6  T=80.0C Q=1.0mL/min EGDA=1.000M cat=0.500M k1_ref=1.603e-03  Ea1= 21.0  maxCI=    inf%  logdetF=-inf
  [B] round 4/6  T=120.0C Q=1.0mL/min EGDA=1.000M cat=0.500M k1_ref=1.381e-03  Ea1= 35.9  maxCI=    inf%  logdetF=-inf
  [B] round 5/6  T=140.0C Q=1.0mL/min EGDA=1.000M cat=0.500M k1_ref=1.474e-03  Ea1= 34.2  maxCI=    inf%  logdetF=-inf
  [B] round 6/6  T=160.0C Q=1.0mL/min EGDA=1.000M cat=0.500M k1_ref=1.249e-03  Ea1= 37.2  maxCI=    inf%  logdetF=-inf
    S2_nmr/B/seed4: 1.8 s
  [D] round 1/6  T=40.0C Q=1.0mL/min EGDA=1.000M cat=0.500M k1_ref=2.134e-03  Ea1= 57.3  maxCI=    inf%  logdetF=-inf
  [D] round 2/6  T=140.0C Q=0.5mL/min EGDA=1.000M cat=1.000M k1_ref=1.312e-03  Ea1= 36.2  maxCI=    inf%  logdetF=-inf
  [D] round 3/6  T=160.0C Q=0.5mL/min EGDA=1.000M cat=1.000M k1_ref=1.028e-03  Ea1= 39.7  maxCI=19884770035674734592.0%  logdetF= 7.2
  [D] round 4/6  T=160.0C Q=0.5mL/min EGDA=1.000M cat=1.000M k1_ref=1.004e-03  Ea1= 40.1  maxCI=486192.4%  logdetF= 13.6
  [D] round 5/6  T=120.0C Q=0.5mL/min EGDA=1.000M cat=1.000M k1_ref=9.809e-04  Ea1= 40.4  maxCI=204769.1%  logdetF= 15.7
  [D] round 6/6  T=160.0C Q=0.5mL/min EGDA=1.000M cat=1.000M k1_ref=9.720e-04  Ea1= 40.6  maxCI=3403093554022956.0%  logdetF= 15.3
    S2_nmr/D/seed1: 2.9 s
  [D] round 1/6  T=40.0C Q=1.0mL/min EGDA=1.000M cat=0.500M k1_ref=6.567e-03  Ea1= 67.3  maxCI=    inf%  logdetF=-inf
  [D] round 2/6  T=160.0C Q=2.0mL/min EGDA=1.000M cat=0.500M k1_ref=2.646e-03  Ea1= 27.9  maxCI=    inf%  logdetF=-inf
  [D] round 3/6  T=140.0C Q=0.5mL/min EGDA=1.000M cat=1.000M k1_ref=1.858e-03  Ea1= 31.7  maxCI=    inf%  logdetF=-1.7
  [D] round 4/6  T=160.0C Q=0.5mL/min EGDA=1.000M cat=1.000M k1_ref=1.215e-03  Ea1= 37.6  maxCI=    inf%  logdetF= 8.2
  [D] round 5/6  T=160.0C Q=0.5mL/min EGDA=1.000M cat=1.000M k1_ref=1.134e-03  Ea1= 38.6  maxCI=    inf%  logdetF= 10.6
  [D] round 6/6  T=120.0C Q=0.5mL/min EGDA=1.000M cat=1.000M k1_ref=1.008e-03  Ea1= 40.1  maxCI=46616376533.3%  logdetF= 15.2
    S2_nmr/D/seed2: 3.0 s
  [D] round 1/6  T=40.0C Q=1.0mL/min EGDA=1.000M cat=0.500M k1_ref=4.959e-03  Ea1= 48.4  maxCI=    inf%  logdetF=-inf
  [D] round 2/6  T=140.0C Q=0.5mL/min EGDA=1.000M cat=1.000M k1_ref=2.886e-03  Ea1= 25.0  maxCI=    inf%  logdetF=-inf
  [D] round 3/6  T=160.0C Q=0.5mL/min EGDA=1.000M cat=1.000M k1_ref=1.064e-03  Ea1= 39.3  maxCI=    inf%  logdetF= 8.6
  [D] round 4/6  T=160.0C Q=0.5mL/min EGDA=1.000M cat=1.000M k1_ref=1.116e-03  Ea1= 38.6  maxCI=    inf%  logdetF= 11.1
  [D] round 5/6  T=120.0C Q=0.5mL/min EGDA=1.000M cat=1.000M k1_ref=1.012e-03  Ea1= 39.8  maxCI=    inf%  logdetF= 13.1
  [D] round 6/6  T=160.0C Q=0.5mL/min EGDA=1.000M cat=1.000M k1_ref=1.004e-03  Ea1= 40.0  maxCI=    inf%  logdetF= 14.6
    S2_nmr/D/seed3: 2.6 s
  [D] round 1/6  T=40.0C Q=1.0mL/min EGDA=1.000M cat=0.500M k1_ref=2.939e-03  Ea1= 54.0  maxCI=    inf%  logdetF=-inf
  [D] round 2/6  T=140.0C Q=0.5mL/min EGDA=1.000M cat=1.000M k1_ref=1.779e-03  Ea1= 32.2  maxCI=    inf%  logdetF=-inf
  [D] round 3/6  T=160.0C Q=0.5mL/min EGDA=1.000M cat=1.000M k1_ref=1.135e-03  Ea1= 38.6  maxCI=39915.0%  logdetF= 12.4
  [D] round 4/6  T=160.0C Q=0.5mL/min EGDA=1.000M cat=1.000M k1_ref=1.086e-03  Ea1= 39.3  maxCI=1845234272976111.2%  logdetF= 13.2
  [D] round 5/6  T=120.0C Q=0.5mL/min EGDA=1.000M cat=1.000M k1_ref=9.486e-04  Ea1= 41.0  maxCI=    inf%  logdetF= 14.8
  [D] round 6/6  T=160.0C Q=0.5mL/min EGDA=1.000M cat=1.000M k1_ref=9.667e-04  Ea1= 40.7  maxCI=69188168958639.5%  logdetF= 16.3
    S2_nmr/D/seed4: 3.2 s
  [F] round 1/6  T=40.0C Q=1.0mL/min EGDA=1.000M cat=0.500M n_z=10  NORMAL_LEARNING      rev-pitzer=1.00
  [F] round 2/6  T=160.0C Q=0.5mL/min EGDA=1.000M cat=1.000M n_z=10  NORMAL_LEARNING      rev-pitzer=1.00
  [F] round 3/6  T=120.0C Q=0.5mL/min EGDA=1.000M cat=1.000M n_z=10  NORMAL_LEARNING      rev-pitzer=1.00
  [F] round 4/6  T=160.0C Q=0.5mL/min EGDA=1.000M cat=1.000M n_z=10  NORMAL_LEARNING      rev-pitzer=1.00
  [F] round 5/6  T=160.0C Q=0.5mL/min EGDA=1.000M cat=1.000M n_z=10  NORMAL_LEARNING      rev-pitzer=1.00
  [F] round 6/6  T=140.0C Q=0.5mL/min EGDA=1.000M cat=1.000M n_z=10  NORMAL_LEARNING      rev-pitzer=1.00
    S2_nmr/F/seed1: 3.9 s
  [F] round 1/6  T=40.0C Q=1.0mL/min EGDA=1.000M cat=0.500M n_z=10  NORMAL_LEARNING      rev-pitzer=1.00
  [F] round 2/6  T=160.0C Q=0.5mL/min EGDA=1.000M cat=1.000M n_z=10  NORMAL_LEARNING      rev-pitzer=1.00
  [F] round 3/6  T=140.0C Q=0.5mL/min EGDA=1.000M cat=1.000M n_z=10  MODEL_INADEQUATE     rev-pitzer=1.00
  [F] round 4/6  T=160.0C Q=0.5mL/min EGDA=1.000M cat=1.000M n_z=10  NORMAL_LEARNING      rev-pitzer=1.00
  [F] round 5/6  T=120.0C Q=0.5mL/min EGDA=1.000M cat=1.000M n_z=10  NORMAL_LEARNING      rev-pitzer=1.00
  [F] round 6/6  T=120.0C Q=0.5mL/min EGDA=1.000M cat=1.000M n_z=10  NORMAL_LEARNING      rev-pitzer=1.00
    S2_nmr/F/seed2: 3.9 s
  [F] round 1/6  T=40.0C Q=1.0mL/min EGDA=1.000M cat=0.500M n_z=10  NORMAL_LEARNING      rev-pitzer=1.00
  [F] round 2/6  T=160.0C Q=0.5mL/min EGDA=1.000M cat=0.500M n_z=10  NORMAL_LEARNING      rev-pitzer=1.00
  [F] round 3/6  T=120.0C Q=0.5mL/min EGDA=1.000M cat=1.000M n_z=10  NORMAL_LEARNING      rev-pitzer=1.00
  [F] round 4/6  T=160.0C Q=0.5mL/min EGDA=1.000M cat=1.000M n_z=10  NORMAL_LEARNING      rev-pitzer=1.00
  [F] round 5/6  T=160.0C Q=0.5mL/min EGDA=1.000M cat=1.000M n_z=10  NORMAL_LEARNING      rev-pitzer=1.00
  [F] round 6/6  T=120.0C Q=0.5mL/min EGDA=1.000M cat=1.000M n_z=10  NORMAL_LEARNING      rev-pitzer=1.00
    S2_nmr/F/seed3: 3.8 s
  [F] round 1/6  T=40.0C Q=1.0mL/min EGDA=1.000M cat=0.500M n_z=10  NORMAL_LEARNING      rev-pitzer=1.00
  [F] round 2/6  T=160.0C Q=0.5mL/min EGDA=1.000M cat=1.000M n_z=10  NORMAL_LEARNING      rev-pitzer=1.00
  [F] round 3/6  T=140.0C Q=0.5mL/min EGDA=1.000M cat=1.000M n_z=10  NORMAL_LEARNING      rev-pitzer=1.00
  [F] round 4/6  T=160.0C Q=0.5mL/min EGDA=1.000M cat=1.000M n_z=10  NORMAL_LEARNING      rev-pitzer=1.00
  [F] round 5/6  T=100.0C Q=0.5mL/min EGDA=1.000M cat=1.000M n_z=10  NORMAL_LEARNING      rev-pitzer=1.00
  [F] round 6/6  T=160.0C Q=0.5mL/min EGDA=1.000M cat=1.000M n_z=10  NORMAL_LEARNING      rev-pitzer=1.00
    S2_nmr/F/seed4: 4.0 s
    S2_nmr done in 35 s

=== S3_transport: NMR + transport: delay, RTD, in-line reaction, carryover
    strategies ('D', 'F-uncorr', 'F') x seeds [1, 2, 3, 4]
  [D] round 1/6  T=40.0C Q=1.0mL/min EGDA=1.000M cat=0.500M k1_ref=2.702e-03  Ea1= 56.9  maxCI=    inf%  logdetF=-inf
  [D] round 2/6  T=140.0C Q=0.5mL/min EGDA=1.000M cat=1.000M k1_ref=1.705e-03  Ea1= 36.9  maxCI=    inf%  logdetF=-inf
  [D] round 3/6  T=160.0C Q=0.5mL/min EGDA=1.000M cat=1.000M k1_ref=1.028e-03  Ea1= 44.2  maxCI=    inf%  logdetF= 22.6
  [D] round 4/6  T=160.0C Q=0.5mL/min EGDA=1.000M cat=1.000M k1_ref=1.004e-03  Ea1= 44.5  maxCI=    inf%  logdetF= 25.3
  [D] round 5/6  T=120.0C Q=0.5mL/min EGDA=1.000M cat=1.000M k1_ref=1.078e-03  Ea1= 43.6  maxCI=    inf%  logdetF= 27.6
  [D] round 6/6  T=160.0C Q=0.5mL/min EGDA=1.000M cat=1.000M k1_ref=1.086e-03  Ea1= 43.5  maxCI=    inf%  logdetF= 29.0
    S3_transport/D/seed1: 2.8 s
  [D] round 1/6  T=40.0C Q=1.0mL/min EGDA=1.000M cat=0.500M k1_ref=4.269e-03  Ea1= 43.5  maxCI=    inf%  logdetF=-inf
  [D] round 2/6  T=160.0C Q=0.5mL/min EGDA=1.000M cat=1.000M k1_ref=3.169e-03  Ea1= 30.6  maxCI=    inf%  logdetF=-inf
  [D] round 3/6  T=120.0C Q=0.5mL/min EGDA=1.000M cat=1.000M k1_ref=1.236e-03  Ea1= 41.8  maxCI=    inf%  logdetF= 23.7
  [D] round 4/6  T=160.0C Q=0.5mL/min EGDA=1.000M cat=1.000M k1_ref=1.219e-03  Ea1= 42.1  maxCI=    inf%  logdetF= 26.5
  [D] round 5/6  T=160.0C Q=0.5mL/min EGDA=1.000M cat=1.000M k1_ref=1.194e-03  Ea1= 42.5  maxCI=    inf%  logdetF= 28.1
  [D] round 6/6  T=120.0C Q=0.5mL/min EGDA=1.000M cat=1.000M k1_ref=1.138e-03  Ea1= 43.0  maxCI=    inf%  logdetF= 29.6
    S3_transport/D/seed2: 2.9 s
  [D] round 1/6  T=40.0C Q=1.0mL/min EGDA=1.000M cat=0.500M k1_ref=6.494e-03  Ea1= 55.5  maxCI=    inf%  logdetF=-inf
  [D] round 2/6  T=140.0C Q=0.5mL/min EGDA=1.000M cat=1.000M k1_ref=3.376e-03  Ea1= 27.1  maxCI=    inf%  logdetF=-inf
  [D] round 3/6  T=160.0C Q=0.5mL/min EGDA=1.000M cat=1.000M k1_ref=1.081e-03  Ea1= 43.6  maxCI=    inf%  logdetF= 22.6
  [D] round 4/6  T=160.0C Q=0.5mL/min EGDA=1.000M cat=1.000M k1_ref=1.125e-03  Ea1= 43.0  maxCI=    inf%  logdetF= 25.4
  [D] round 5/6  T=120.0C Q=0.5mL/min EGDA=1.000M cat=1.000M k1_ref=1.111e-03  Ea1= 43.2  maxCI=    inf%  logdetF= 27.6
  [D] round 6/6  T=160.0C Q=0.5mL/min EGDA=1.000M cat=1.000M k1_ref=1.096e-03  Ea1= 43.4  maxCI=    inf%  logdetF= 29.2
    S3_transport/D/seed3: 3.0 s
  [D] round 1/6  T=40.0C Q=1.0mL/min EGDA=1.000M cat=0.500M k1_ref=3.627e-03  Ea1= 54.6  maxCI=    inf%  logdetF=-inf
  [D] round 2/6  T=140.0C Q=0.5mL/min EGDA=1.000M cat=1.000M k1_ref=2.223e-03  Ea1= 33.4  maxCI=    inf%  logdetF=-inf
  [D] round 3/6  T=160.0C Q=0.5mL/min EGDA=1.000M cat=1.000M k1_ref=1.175e-03  Ea1= 42.6  maxCI=    inf%  logdetF= 22.6
  [D] round 4/6  T=160.0C Q=0.5mL/min EGDA=1.000M cat=1.000M k1_ref=1.159e-03  Ea1= 42.8  maxCI=    inf%  logdetF= 25.1
  [D] round 5/6  T=120.0C Q=0.5mL/min EGDA=1.000M cat=1.000M k1_ref=1.087e-03  Ea1= 43.6  maxCI=    inf%  logdetF= 27.3
  [D] round 6/6  T=160.0C Q=0.5mL/min EGDA=1.000M cat=1.000M k1_ref=1.105e-03  Ea1= 43.3  maxCI=    inf%  logdetF= 28.9
    S3_transport/D/seed4: 2.8 s
  [F-uncorr] round 1/6  T=40.0C Q=1.0mL/min EGDA=1.000M cat=0.500M n_z=10  NORMAL_LEARNING      rev-pitzer=1.00
  [F-uncorr] round 2/6  T=160.0C Q=0.5mL/min EGDA=1.000M cat=1.000M n_z=10  MODEL_INADEQUATE     rev-pitzer=1.00
  [F-uncorr] round 3/6  T=120.0C Q=0.5mL/min EGDA=1.000M cat=1.000M n_z=10  MODEL_INADEQUATE     rev-pitzer=1.00
  [F-uncorr] round 4/6  T=160.0C Q=0.5mL/min EGDA=1.000M cat=1.000M n_z=10  MODEL_INADEQUATE     rev-pitzer=1.00
  [F-uncorr] round 5/6  T=160.0C Q=0.5mL/min EGDA=1.000M cat=1.000M n_z=10  MODEL_INADEQUATE     rev-pitzer=1.00
  [F-uncorr] round 6/6  T=160.0C Q=0.5mL/min EGDA=1.000M cat=1.000M n_z=10  MODEL_INADEQUATE     rev-pitzer=1.00
    S3_transport/F-uncorr/seed1: 4.2 s
  [F-uncorr] round 1/6  T=40.0C Q=1.0mL/min EGDA=1.000M cat=0.500M n_z=10  NORMAL_LEARNING      rev-pitzer=1.00
  [F-uncorr] round 2/6  T=140.0C Q=0.5mL/min EGDA=1.000M cat=1.000M n_z=10  MODEL_INADEQUATE     rev-pitzer=1.00
  [F-uncorr] round 3/6  T=160.0C Q=0.5mL/min EGDA=1.000M cat=1.000M n_z=10  MODEL_INADEQUATE     rev-pitzer=1.00
  [F-uncorr] round 4/6  T=120.0C Q=0.5mL/min EGDA=1.000M cat=1.000M n_z=10  MODEL_INADEQUATE     rev-pitzer=1.00
  [F-uncorr] round 5/6  T=160.0C Q=0.5mL/min EGDA=1.000M cat=1.000M n_z=10  MODEL_INADEQUATE     rev-pitzer=1.00
  [F-uncorr] round 6/6  T=160.0C Q=0.5mL/min EGDA=1.000M cat=1.000M n_z=10  MODEL_INADEQUATE     rev-pitzer=1.00
    S3_transport/F-uncorr/seed2: 4.3 s
  [F-uncorr] round 1/6  T=40.0C Q=1.0mL/min EGDA=1.000M cat=0.500M n_z=10  NORMAL_LEARNING      rev-pitzer=1.00
  [F-uncorr] round 2/6  T=160.0C Q=0.5mL/min EGDA=1.000M cat=0.500M n_z=10  MODEL_INADEQUATE     rev-pitzer=1.00
  [F-uncorr] round 3/6  T=120.0C Q=0.5mL/min EGDA=1.000M cat=1.000M n_z=10  MODEL_INADEQUATE     rev-pitzer=1.00
  [F-uncorr] round 4/6  T=160.0C Q=0.5mL/min EGDA=1.000M cat=1.000M n_z=10  MODEL_INADEQUATE     rev-pitzer=1.00
  [F-uncorr] round 5/6  T=160.0C Q=0.5mL/min EGDA=1.000M cat=1.000M n_z=10  MODEL_INADEQUATE     rev-pitzer=1.00
  [F-uncorr] round 6/6  T=160.0C Q=0.5mL/min EGDA=1.000M cat=1.000M n_z=10  MODEL_INADEQUATE     rev-pitzer=1.00
    S3_transport/F-uncorr/seed3: 3.9 s
  [F-uncorr] round 1/6  T=40.0C Q=1.0mL/min EGDA=1.000M cat=0.500M n_z=10  NORMAL_LEARNING      rev-pitzer=1.00
  [F-uncorr] round 2/6  T=160.0C Q=0.5mL/min EGDA=1.000M cat=1.000M n_z=10  MODEL_INADEQUATE     rev-pitzer=1.00
  [F-uncorr] round 3/6  T=120.0C Q=0.5mL/min EGDA=1.000M cat=1.000M n_z=10  MODEL_INADEQUATE     rev-pitzer=1.00
  [F-uncorr] round 4/6  T=160.0C Q=0.5mL/min EGDA=1.000M cat=1.000M n_z=10  MODEL_INADEQUATE     rev-pitzer=1.00
  [F-uncorr] round 5/6  T=160.0C Q=0.5mL/min EGDA=1.000M cat=1.000M n_z=10  MODEL_INADEQUATE     rev-pitzer=1.00
  [F-uncorr] round 6/6  T=160.0C Q=0.5mL/min EGDA=1.000M cat=1.000M n_z=10  MODEL_INADEQUATE     rev-pitzer=1.00
    S3_transport/F-uncorr/seed4: 4.1 s
  [F] round 1/6  T=40.0C Q=1.0mL/min EGDA=1.000M cat=0.500M n_z=10  NORMAL_LEARNING      rev-pitzer=1.00
  [F] round 2/6  T=160.0C Q=0.5mL/min EGDA=1.000M cat=1.000M n_z=10  NORMAL_LEARNING      rev-pitzer=1.00
  [F] round 3/6  T=120.0C Q=0.5mL/min EGDA=1.000M cat=1.000M n_z=10  NORMAL_LEARNING      rev-pitzer=1.00
  [F] round 4/6  T=160.0C Q=0.5mL/min EGDA=1.000M cat=1.000M n_z=10  NORMAL_LEARNING      rev-pitzer=1.00
  [F] round 5/6  T=160.0C Q=0.5mL/min EGDA=1.000M cat=1.000M n_z=10  NORMAL_LEARNING      rev-pitzer=1.00
  [F] round 6/6  T=120.0C Q=0.5mL/min EGDA=1.000M cat=1.000M n_z=10  NORMAL_LEARNING      rev-pitzer=1.00
    S3_transport/F/seed1: 5.7 s
  [F] round 1/6  T=40.0C Q=1.0mL/min EGDA=1.000M cat=0.500M n_z=10  NORMAL_LEARNING      rev-pitzer=1.00
  [F] round 2/6  T=160.0C Q=0.5mL/min EGDA=1.000M cat=1.000M n_z=10  NORMAL_LEARNING      rev-pitzer=1.00
  [F] round 3/6  T=140.0C Q=0.5mL/min EGDA=1.000M cat=1.000M n_z=10  MODEL_INADEQUATE     rev-pitzer=1.00
  [F] round 4/6  T=160.0C Q=0.5mL/min EGDA=1.000M cat=1.000M n_z=10  NORMAL_LEARNING      rev-pitzer=1.00
  [F] round 5/6  T=120.0C Q=0.5mL/min EGDA=1.000M cat=1.000M n_z=10  MODEL_INADEQUATE     rev-pitzer=1.00
  [F] round 6/6  T=160.0C Q=0.5mL/min EGDA=1.000M cat=1.000M n_z=10  MODEL_INADEQUATE     rev-pitzer=1.00
    S3_transport/F/seed2: 5.7 s
  [F] round 1/6  T=40.0C Q=1.0mL/min EGDA=1.000M cat=0.500M n_z=10  NORMAL_LEARNING      rev-pitzer=1.00
  [F] round 2/6  T=160.0C Q=0.5mL/min EGDA=1.000M cat=0.500M n_z=10  NORMAL_LEARNING      rev-pitzer=1.00
  [F] round 3/6  T=140.0C Q=0.5mL/min EGDA=1.000M cat=1.000M n_z=10  NORMAL_LEARNING      rev-pitzer=1.00
  [F] round 4/6  T=160.0C Q=0.5mL/min EGDA=1.000M cat=1.000M n_z=10  NORMAL_LEARNING      rev-pitzer=1.00
  [F] round 5/6  T=100.0C Q=0.5mL/min EGDA=1.000M cat=1.000M n_z=10  NORMAL_LEARNING      rev-pitzer=1.00
  [F] round 6/6  T=160.0C Q=0.5mL/min EGDA=1.000M cat=1.000M n_z=10  NORMAL_LEARNING      rev-pitzer=1.00
    S3_transport/F/seed3: 6.5 s
  [F] round 1/6  T=40.0C Q=1.0mL/min EGDA=1.000M cat=0.500M n_z=10  NORMAL_LEARNING      rev-pitzer=1.00
  [F] round 2/6  T=160.0C Q=0.5mL/min EGDA=1.000M cat=1.000M n_z=10  NORMAL_LEARNING      rev-pitzer=1.00
  [F] round 3/6  T=140.0C Q=0.5mL/min EGDA=1.000M cat=1.000M n_z=10  NORMAL_LEARNING      rev-pitzer=1.00
  [F] round 4/6  T=100.0C Q=0.5mL/min EGDA=1.000M cat=1.000M n_z=10  NORMAL_LEARNING      rev-pitzer=1.00
  [F] round 5/6  T=160.0C Q=0.5mL/min EGDA=1.000M cat=1.000M n_z=10  NORMAL_LEARNING      rev-pitzer=1.00
  [F] round 6/6  T=140.0C Q=0.5mL/min EGDA=1.000M cat=1.000M n_z=10  NORMAL_LEARNING      rev-pitzer=1.00
    S3_transport/F/seed4: 5.9 s
    S3_transport done in 52 s

=== S4_ambiguity: Bayesian model discrimination (reversible truth)
    strategies ('D', 'F') x seeds [1, 2, 3, 4]
  [D] round 1/6  T=40.0C Q=1.0mL/min EGDA=1.000M cat=0.500M k1_ref=2.134e-03  Ea1= 57.3  maxCI=    inf%  logdetF=-inf
  [D] round 2/6  T=140.0C Q=0.5mL/min EGDA=1.000M cat=1.000M k1_ref=1.312e-03  Ea1= 36.2  maxCI=    inf%  logdetF=-inf
  [D] round 3/6  T=160.0C Q=0.5mL/min EGDA=1.000M cat=1.000M k1_ref=1.028e-03  Ea1= 39.7  maxCI=19884770035674734592.0%  logdetF= 7.2
  [D] round 4/6  T=160.0C Q=0.5mL/min EGDA=1.000M cat=1.000M k1_ref=1.004e-03  Ea1= 40.1  maxCI=486192.4%  logdetF= 13.6
  [D] round 5/6  T=120.0C Q=0.5mL/min EGDA=1.000M cat=1.000M k1_ref=9.809e-04  Ea1= 40.4  maxCI=204769.1%  logdetF= 15.7
  [D] round 6/6  T=160.0C Q=0.5mL/min EGDA=1.000M cat=1.000M k1_ref=9.720e-04  Ea1= 40.6  maxCI=3403093554022956.0%  logdetF= 15.3
    S4_ambiguity/D/seed1: 3.1 s
  [D] round 1/6  T=40.0C Q=1.0mL/min EGDA=1.000M cat=0.500M k1_ref=6.567e-03  Ea1= 67.3  maxCI=    inf%  logdetF=-inf
  [D] round 2/6  T=160.0C Q=2.0mL/min EGDA=1.000M cat=0.500M k1_ref=2.646e-03  Ea1= 27.9  maxCI=    inf%  logdetF=-inf
  [D] round 3/6  T=140.0C Q=0.5mL/min EGDA=1.000M cat=1.000M k1_ref=1.858e-03  Ea1= 31.7  maxCI=    inf%  logdetF=-1.7
  [D] round 4/6  T=160.0C Q=0.5mL/min EGDA=1.000M cat=1.000M k1_ref=1.215e-03  Ea1= 37.6  maxCI=    inf%  logdetF= 8.2
  [D] round 5/6  T=160.0C Q=0.5mL/min EGDA=1.000M cat=1.000M k1_ref=1.134e-03  Ea1= 38.6  maxCI=    inf%  logdetF= 10.6
  [D] round 6/6  T=120.0C Q=0.5mL/min EGDA=1.000M cat=1.000M k1_ref=1.008e-03  Ea1= 40.1  maxCI=46616376533.3%  logdetF= 15.2
    S4_ambiguity/D/seed2: 3.0 s
  [D] round 1/6  T=40.0C Q=1.0mL/min EGDA=1.000M cat=0.500M k1_ref=4.959e-03  Ea1= 48.4  maxCI=    inf%  logdetF=-inf
  [D] round 2/6  T=140.0C Q=0.5mL/min EGDA=1.000M cat=1.000M k1_ref=2.886e-03  Ea1= 25.0  maxCI=    inf%  logdetF=-inf
  [D] round 3/6  T=160.0C Q=0.5mL/min EGDA=1.000M cat=1.000M k1_ref=1.064e-03  Ea1= 39.3  maxCI=    inf%  logdetF= 8.6
  [D] round 4/6  T=160.0C Q=0.5mL/min EGDA=1.000M cat=1.000M k1_ref=1.116e-03  Ea1= 38.6  maxCI=    inf%  logdetF= 11.1
  [D] round 5/6  T=120.0C Q=0.5mL/min EGDA=1.000M cat=1.000M k1_ref=1.012e-03  Ea1= 39.8  maxCI=    inf%  logdetF= 13.1
  [D] round 6/6  T=160.0C Q=0.5mL/min EGDA=1.000M cat=1.000M k1_ref=1.004e-03  Ea1= 40.0  maxCI=    inf%  logdetF= 14.6
    S4_ambiguity/D/seed3: 2.6 s
  [D] round 1/6  T=40.0C Q=1.0mL/min EGDA=1.000M cat=0.500M k1_ref=2.939e-03  Ea1= 54.0  maxCI=    inf%  logdetF=-inf
  [D] round 2/6  T=140.0C Q=0.5mL/min EGDA=1.000M cat=1.000M k1_ref=1.779e-03  Ea1= 32.2  maxCI=    inf%  logdetF=-inf
  [D] round 3/6  T=160.0C Q=0.5mL/min EGDA=1.000M cat=1.000M k1_ref=1.135e-03  Ea1= 38.6  maxCI=39915.0%  logdetF= 12.4
  [D] round 4/6  T=160.0C Q=0.5mL/min EGDA=1.000M cat=1.000M k1_ref=1.086e-03  Ea1= 39.3  maxCI=1845234272976111.2%  logdetF= 13.2
  [D] round 5/6  T=120.0C Q=0.5mL/min EGDA=1.000M cat=1.000M k1_ref=9.486e-04  Ea1= 41.0  maxCI=    inf%  logdetF= 14.8
  [D] round 6/6  T=160.0C Q=0.5mL/min EGDA=1.000M cat=1.000M k1_ref=9.667e-04  Ea1= 40.7  maxCI=69188168958639.5%  logdetF= 16.3
    S4_ambiguity/D/seed4: 3.2 s
  [F] round 1/6  T=40.0C Q=1.0mL/min EGDA=1.000M cat=0.500M n_z=10  MODEL_DISCRIMINATION rev-pitzer=0.33 rev-dilute=0.34 irreversible=0.33
  [F] round 2/6  T=160.0C Q=0.5mL/min EGDA=1.000M cat=0.500M n_z=10  MODEL_DISCRIMINATION rev-pitzer=0.33 rev-dilute=0.33 irreversible=0.34
  [F] round 3/6  T=120.0C Q=0.5mL/min EGDA=1.000M cat=1.000M n_z=10  MODEL_DISCRIMINATION rev-pitzer=0.34 rev-dilute=0.33 irreversible=0.33
  [F] round 4/6  T=160.0C Q=0.5mL/min EGDA=1.000M cat=1.000M n_z=10  MODEL_DISCRIMINATION rev-pitzer=0.47 rev-dilute=0.52 irreversible=0.01
  [F] round 5/6  T=160.0C Q=0.5mL/min EGDA=1.000M cat=1.000M n_z=10  MODEL_DISCRIMINATION rev-pitzer=0.50 rev-dilute=0.49 irreversible=0.00
  [F] round 6/6  T=120.0C Q=0.5mL/min EGDA=1.000M cat=1.000M n_z=10  MODEL_DISCRIMINATION rev-pitzer=0.50 rev-dilute=0.49 irreversible=0.00
    S4_ambiguity/F/seed1: 4.6 s
  [F] round 1/6  T=40.0C Q=1.0mL/min EGDA=1.000M cat=0.500M n_z=10  MODEL_DISCRIMINATION rev-pitzer=0.33 rev-dilute=0.34 irreversible=0.33
  [F] round 2/6  T=140.0C Q=0.5mL/min EGDA=1.000M cat=1.000M n_z=10  MODEL_DISCRIMINATION rev-pitzer=0.35 rev-dilute=0.35 irreversible=0.30
  [F] round 3/6  T=160.0C Q=0.5mL/min EGDA=1.000M cat=1.000M n_z=10  MODEL_DISCRIMINATION rev-pitzer=0.46 rev-dilute=0.47 irreversible=0.07
  [F] round 4/6  T=120.0C Q=0.5mL/min EGDA=1.000M cat=1.000M n_z=10  MODEL_DISCRIMINATION rev-pitzer=0.47 rev-dilute=0.47 irreversible=0.07
  [F] round 5/6  T=160.0C Q=0.5mL/min EGDA=1.000M cat=0.500M n_z=10  MODEL_DISCRIMINATION rev-pitzer=0.51 rev-dilute=0.49 irreversible=0.00
  [F] round 6/6  T=160.0C Q=0.5mL/min EGDA=1.000M cat=1.000M n_z=10  MODEL_DISCRIMINATION rev-pitzer=0.50 rev-dilute=0.50 irreversible=0.00
    S4_ambiguity/F/seed2: 4.8 s
  [F] round 1/6  T=40.0C Q=1.0mL/min EGDA=1.000M cat=0.500M n_z=10  MODEL_DISCRIMINATION rev-pitzer=0.33 rev-dilute=0.33 irreversible=0.33
  [F] round 2/6  T=140.0C Q=0.5mL/min EGDA=1.000M cat=1.000M n_z=10  MODEL_DISCRIMINATION rev-pitzer=0.33 rev-dilute=0.33 irreversible=0.34
  [F] round 3/6  T=160.0C Q=0.5mL/min EGDA=1.000M cat=1.000M n_z=10  MODEL_DISCRIMINATION rev-pitzer=0.36 rev-dilute=0.33 irreversible=0.31
  [F] round 4/6  T=100.0C Q=0.5mL/min EGDA=1.000M cat=1.000M n_z=10  MODEL_DISCRIMINATION rev-pitzer=0.37 rev-dilute=0.34 irreversible=0.30
  [F] round 5/6  T=160.0C Q=0.5mL/min EGDA=1.000M cat=0.500M n_z=10  MODEL_DISCRIMINATION rev-pitzer=0.50 rev-dilute=0.50 irreversible=0.00
  [F] round 6/6  T=160.0C Q=0.5mL/min EGDA=1.000M cat=1.000M n_z=10  MODEL_DISCRIMINATION rev-pitzer=0.56 rev-dilute=0.44 irreversible=0.00
    S4_ambiguity/F/seed3: 4.7 s
  [F] round 1/6  T=40.0C Q=1.0mL/min EGDA=1.000M cat=0.500M n_z=10  MODEL_DISCRIMINATION rev-pitzer=0.33 rev-dilute=0.33 irreversible=0.33
  [F] round 2/6  T=140.0C Q=0.5mL/min EGDA=1.000M cat=1.000M n_z=10  MODEL_DISCRIMINATION rev-pitzer=0.36 rev-dilute=0.35 irreversible=0.29
  [F] round 3/6  T=160.0C Q=0.5mL/min EGDA=1.000M cat=1.000M n_z=10  MODEL_DISCRIMINATION rev-pitzer=0.45 rev-dilute=0.41 irreversible=0.14
  [F] round 4/6  T=100.0C Q=0.5mL/min EGDA=1.000M cat=1.000M n_z=10  MODEL_DISCRIMINATION rev-pitzer=0.44 rev-dilute=0.42 irreversible=0.14
  [F] round 5/6  T=160.0C Q=0.5mL/min EGDA=1.000M cat=0.500M n_z=10  MODEL_DISCRIMINATION rev-pitzer=0.49 rev-dilute=0.51 irreversible=0.00
  [F] round 6/6  T=160.0C Q=0.5mL/min EGDA=1.000M cat=1.000M n_z=10  MODEL_DISCRIMINATION rev-pitzer=0.48 rev-dilute=0.52 irreversible=0.00
    S4_ambiguity/F/seed4: 4.8 s
    S4_ambiguity done in 31 s

=== S5_inadequacy: correct model removed from the candidate family (truth: documented hypothetical strongly reversible ester, K1=0.30, K2=0.02)
    strategies ('D', 'F-noGovernor', 'F') x seeds [1, 2, 3, 4]
  [D] round 1/6  T=40.0C Q=1.0mL/min EGDA=1.000M cat=0.500M k1_ref=1.949e-03  Ea1= 56.9  maxCI=    inf%  logdetF=-inf
  [D] round 2/6  T=140.0C Q=0.5mL/min EGDA=1.000M cat=0.500M k1_ref=1.212e-03  Ea1= 36.3  maxCI=    inf%  logdetF=-inf
  [D] round 3/6  T=160.0C Q=0.5mL/min EGDA=1.000M cat=1.000M k1_ref=1.057e-03  Ea1= 38.2  maxCI=  179.5%  logdetF= 13.5
  [D] round 4/6  T=120.0C Q=0.5mL/min EGDA=1.000M cat=1.000M k1_ref=9.632e-04  Ea1= 39.4  maxCI=   54.1%  logdetF= 17.0
  [D] round 5/6  T=160.0C Q=0.5mL/min EGDA=1.000M cat=1.000M k1_ref=9.696e-04  Ea1= 39.3  maxCI=   53.2%  logdetF= 18.4
  [D] round 6/6  T=120.0C Q=0.5mL/min EGDA=1.000M cat=1.000M k1_ref=9.485e-04  Ea1= 39.5  maxCI=   36.0%  logdetF= 19.6
    S5_inadequacy/D/seed1: 1.8 s
  [D] round 1/6  T=40.0C Q=1.0mL/min EGDA=1.000M cat=0.500M k1_ref=2.042e-03  Ea1= 20.1  maxCI=    inf%  logdetF=-inf
  [D] round 2/6  T=140.0C Q=0.5mL/min EGDA=1.000M cat=1.000M k1_ref=2.362e-03  Ea1= 26.5  maxCI=    inf%  logdetF=-inf
  [D] round 3/6  T=160.0C Q=0.5mL/min EGDA=1.000M cat=1.000M k1_ref=9.476e-04  Ea1= 39.6  maxCI=   58.5%  logdetF= 15.8
  [D] round 4/6  T=120.0C Q=0.5mL/min EGDA=1.000M cat=1.000M k1_ref=8.876e-04  Ea1= 40.4  maxCI=   38.6%  logdetF= 18.0
  [D] round 5/6  T=160.0C Q=0.5mL/min EGDA=1.000M cat=1.000M k1_ref=8.774e-04  Ea1= 40.6  maxCI=   36.4%  logdetF= 19.2
  [D] round 6/6  T=120.0C Q=0.5mL/min EGDA=1.000M cat=1.000M k1_ref=8.806e-04  Ea1= 40.6  maxCI=   29.1%  logdetF= 20.2
    S5_inadequacy/D/seed2: 1.8 s
  [D] round 1/6  T=40.0C Q=1.0mL/min EGDA=1.000M cat=0.500M k1_ref=6.698e-03  Ea1= 65.0  maxCI=    inf%  logdetF=-inf
  [D] round 2/6  T=160.0C Q=8.0mL/min EGDA=1.000M cat=1.000M k1_ref=2.764e-03  Ea1= 26.6  maxCI=    inf%  logdetF=-inf
  [D] round 3/6  T=140.0C Q=0.5mL/min EGDA=1.000M cat=1.000M k1_ref=2.172e-03  Ea1= 27.8  maxCI=    inf%  logdetF= 6.7
  [D] round 4/6  T=160.0C Q=0.5mL/min EGDA=1.000M cat=1.000M k1_ref=1.164e-03  Ea1= 36.8  maxCI=   60.4%  logdetF= 15.9
  [D] round 5/6  T=120.0C Q=0.5mL/min EGDA=1.000M cat=1.000M k1_ref=9.659e-04  Ea1= 39.1  maxCI=   39.8%  logdetF= 18.0
  [D] round 6/6  T=160.0C Q=0.5mL/min EGDA=1.000M cat=1.000M k1_ref=9.452e-04  Ea1= 39.5  maxCI=   37.5%  logdetF= 19.2
    S5_inadequacy/D/seed3: 1.9 s
  [D] round 1/6  T=40.0C Q=1.0mL/min EGDA=1.000M cat=0.500M k1_ref=2.826e-03  Ea1= 55.8  maxCI=    inf%  logdetF=-inf
  [D] round 2/6  T=160.0C Q=2.0mL/min EGDA=1.000M cat=0.500M k1_ref=1.686e-03  Ea1= 33.4  maxCI=    inf%  logdetF=-inf
  [D] round 3/6  T=140.0C Q=0.5mL/min EGDA=1.000M cat=1.000M k1_ref=7.136e-04  Ea1= 43.5  maxCI= 5032.3%  logdetF= 8.1
  [D] round 4/6  T=160.0C Q=0.5mL/min EGDA=1.000M cat=1.000M k1_ref=8.956e-04  Ea1= 40.3  maxCI=   59.1%  logdetF= 16.0
  [D] round 5/6  T=120.0C Q=0.5mL/min EGDA=1.000M cat=1.000M k1_ref=8.665e-04  Ea1= 40.7  maxCI=   39.9%  logdetF= 18.0
  [D] round 6/6  T=160.0C Q=0.5mL/min EGDA=1.000M cat=1.000M k1_ref=8.878e-04  Ea1= 40.3  maxCI=   37.8%  logdetF= 19.3
    S5_inadequacy/D/seed4: 1.8 s
  [F-noGovernor] round 1/6  T=40.0C Q=1.0mL/min EGDA=1.000M cat=0.500M n_z=10  NORMAL_LEARNING      irreversible=1.00
  [F-noGovernor] round 2/6  T=160.0C Q=0.5mL/min EGDA=1.000M cat=0.500M n_z=10  NORMAL_LEARNING      irreversible=1.00
  [F-noGovernor] round 3/6  T=140.0C Q=0.5mL/min EGDA=1.000M cat=1.000M n_z=10  NORMAL_LEARNING      irreversible=1.00
  [F-noGovernor] round 4/6  T=160.0C Q=0.5mL/min EGDA=1.000M cat=1.000M n_z=10  MODEL_INADEQUATE     irreversible=1.00
  [F-noGovernor] round 5/6  T=100.0C Q=0.5mL/min EGDA=1.000M cat=1.000M n_z=10  MODEL_INADEQUATE     irreversible=1.00
  [F-noGovernor] round 6/6  T=160.0C Q=0.5mL/min EGDA=1.000M cat=1.000M n_z=10  MODEL_INADEQUATE     irreversible=1.00
    S5_inadequacy/F-noGovernor/seed1: 2.8 s
  [F-noGovernor] round 1/6  T=40.0C Q=1.0mL/min EGDA=1.000M cat=0.500M n_z=10  NORMAL_LEARNING      irreversible=1.00
  [F-noGovernor] round 2/6  T=140.0C Q=0.5mL/min EGDA=1.000M cat=1.000M n_z=10  NORMAL_LEARNING      irreversible=1.00
  [F-noGovernor] round 3/6  T=160.0C Q=0.5mL/min EGDA=1.000M cat=1.000M n_z=10  MODEL_INADEQUATE     irreversible=1.00
  [F-noGovernor] round 4/6  T=120.0C Q=0.5mL/min EGDA=1.000M cat=1.000M n_z=10  MODEL_INADEQUATE     irreversible=1.00
  [F-noGovernor] round 5/6  T=160.0C Q=0.5mL/min EGDA=1.000M cat=1.000M n_z=10  MODEL_INADEQUATE     irreversible=1.00
  [F-noGovernor] round 6/6  T=160.0C Q=0.5mL/min EGDA=1.000M cat=1.000M n_z=10  MODEL_INADEQUATE     irreversible=1.00
    S5_inadequacy/F-noGovernor/seed2: 2.9 s
  [F-noGovernor] round 1/6  T=40.0C Q=1.0mL/min EGDA=1.000M cat=0.500M n_z=10  NORMAL_LEARNING      irreversible=1.00
  [F-noGovernor] round 2/6  T=160.0C Q=0.5mL/min EGDA=1.000M cat=0.500M n_z=10  NORMAL_LEARNING      irreversible=1.00
  [F-noGovernor] round 3/6  T=120.0C Q=0.5mL/min EGDA=1.000M cat=1.000M n_z=10  NORMAL_LEARNING      irreversible=1.00
  [F-noGovernor] round 4/6  T=160.0C Q=0.5mL/min EGDA=1.000M cat=1.000M n_z=10  MODEL_INADEQUATE     irreversible=1.00
  [F-noGovernor] round 5/6  T=160.0C Q=0.5mL/min EGDA=1.000M cat=1.000M n_z=10  MODEL_INADEQUATE     irreversible=1.00
  [F-noGovernor] round 6/6  T=100.0C Q=0.5mL/min EGDA=1.000M cat=1.000M n_z=10  MODEL_INADEQUATE     irreversible=1.00
    S5_inadequacy/F-noGovernor/seed3: 2.8 s
  [F-noGovernor] round 1/6  T=40.0C Q=1.0mL/min EGDA=1.000M cat=0.500M n_z=10  NORMAL_LEARNING      irreversible=1.00
  [F-noGovernor] round 2/6  T=160.0C Q=0.5mL/min EGDA=1.000M cat=0.500M n_z=10  NORMAL_LEARNING      irreversible=1.00
  [F-noGovernor] round 3/6  T=120.0C Q=0.5mL/min EGDA=1.000M cat=1.000M n_z=10  NORMAL_LEARNING      irreversible=1.00
  [F-noGovernor] round 4/6  T=160.0C Q=0.5mL/min EGDA=1.000M cat=1.000M n_z=10  MODEL_INADEQUATE     irreversible=1.00
  [F-noGovernor] round 5/6  T=160.0C Q=0.5mL/min EGDA=1.000M cat=1.000M n_z=10  MODEL_INADEQUATE     irreversible=1.00
  [F-noGovernor] round 6/6  T=120.0C Q=0.5mL/min EGDA=1.000M cat=1.000M n_z=10  MODEL_INADEQUATE     irreversible=1.00
    S5_inadequacy/F-noGovernor/seed4: 2.8 s
  [F] round 1/6  T=40.0C Q=1.0mL/min EGDA=1.000M cat=0.500M n_z=10  NORMAL_LEARNING      irreversible=1.00
  [F] round 2/6  T=160.0C Q=0.5mL/min EGDA=1.000M cat=0.500M n_z=10  NORMAL_LEARNING      irreversible=1.00
  [F] round 3/6  T=140.0C Q=0.5mL/min EGDA=1.000M cat=1.000M n_z=10  NORMAL_LEARNING      irreversible=1.00
  [F] round 4/6  T=160.0C Q=0.5mL/min EGDA=1.000M cat=1.000M n_z=10  MODEL_INADEQUATE     irreversible=1.00
  [F] round 5/6  T=120.0C Q=0.5mL/min EGDA=1.000M cat=1.000M n_z=10  MODEL_INADEQUATE     irreversible=1.00
  [F] round 6/6  T=160.0C Q=0.5mL/min EGDA=1.000M cat=1.000M n_z=10  MODEL_INADEQUATE     irreversible=1.00
    S5_inadequacy/F/seed1: 2.7 s
  [F] round 1/6  T=40.0C Q=1.0mL/min EGDA=1.000M cat=0.500M n_z=10  NORMAL_LEARNING      irreversible=1.00
  [F] round 2/6  T=140.0C Q=0.5mL/min EGDA=1.000M cat=1.000M n_z=10  NORMAL_LEARNING      irreversible=1.00
  [F] round 3/6  T=160.0C Q=0.5mL/min EGDA=1.000M cat=1.000M n_z=10  MODEL_INADEQUATE     irreversible=1.00
  [F] round 4/6  T=120.0C Q=0.5mL/min EGDA=1.000M cat=1.000M n_z=10  MODEL_INADEQUATE     irreversible=1.00
  [F] round 5/6  T=160.0C Q=0.5mL/min EGDA=1.000M cat=1.000M n_z=10  MODEL_INADEQUATE     irreversible=1.00
  [F] round 6/6  T=120.0C Q=0.5mL/min EGDA=1.000M cat=1.000M n_z=10  MODEL_INADEQUATE     irreversible=1.00
    S5_inadequacy/F/seed2: 2.9 s
  [F] round 1/6  T=40.0C Q=1.0mL/min EGDA=1.000M cat=0.500M n_z=10  NORMAL_LEARNING      irreversible=1.00
  [F] round 2/6  T=160.0C Q=0.5mL/min EGDA=1.000M cat=0.500M n_z=10  NORMAL_LEARNING      irreversible=1.00
  [F] round 3/6  T=120.0C Q=0.5mL/min EGDA=1.000M cat=1.000M n_z=10  NORMAL_LEARNING      irreversible=1.00
  [F] round 4/6  T=160.0C Q=0.5mL/min EGDA=1.000M cat=1.000M n_z=10  MODEL_INADEQUATE     irreversible=1.00
  [F] round 5/6  T=160.0C Q=0.5mL/min EGDA=1.000M cat=1.000M n_z=10  MODEL_INADEQUATE     irreversible=1.00
  [F] round 6/6  T=120.0C Q=0.5mL/min EGDA=1.000M cat=1.000M n_z=10  MODEL_INADEQUATE     irreversible=1.00
    S5_inadequacy/F/seed3: 2.8 s
  [F] round 1/6  T=40.0C Q=1.0mL/min EGDA=1.000M cat=0.500M n_z=10  NORMAL_LEARNING      irreversible=1.00
  [F] round 2/6  T=160.0C Q=0.5mL/min EGDA=1.000M cat=0.500M n_z=10  NORMAL_LEARNING      irreversible=1.00
  [F] round 3/6  T=120.0C Q=0.5mL/min EGDA=1.000M cat=1.000M n_z=10  NORMAL_LEARNING      irreversible=1.00
  [F] round 4/6  T=160.0C Q=0.5mL/min EGDA=1.000M cat=1.000M n_z=10  MODEL_INADEQUATE     irreversible=1.00
  [F] round 5/6  T=160.0C Q=0.5mL/min EGDA=1.000M cat=1.000M n_z=10  MODEL_INADEQUATE     irreversible=1.00
  [F] round 6/6  T=120.0C Q=0.5mL/min EGDA=1.000M cat=1.000M n_z=10  MODEL_INADEQUATE     irreversible=1.00
    S5_inadequacy/F/seed4: 2.8 s
    S5_inadequacy done in 30 s

=== S6_resources: resource-aware vs pure-information design
    strategies ('D', 'F', 'F-resource') x seeds [1, 2, 3, 4]
  [D] round 1/6  T=40.0C Q=1.0mL/min EGDA=1.000M cat=0.500M k1_ref=2.134e-03  Ea1= 57.3  maxCI=    inf%  logdetF=-inf
  [D] round 2/6  T=140.0C Q=0.5mL/min EGDA=1.000M cat=1.000M k1_ref=1.312e-03  Ea1= 36.2  maxCI=    inf%  logdetF=-inf
  [D] round 3/6  T=160.0C Q=0.5mL/min EGDA=1.000M cat=1.000M k1_ref=1.028e-03  Ea1= 39.7  maxCI=19884770035674734592.0%  logdetF= 7.2
  [D] round 4/6  T=160.0C Q=0.5mL/min EGDA=1.000M cat=1.000M k1_ref=1.004e-03  Ea1= 40.1  maxCI=486192.4%  logdetF= 13.6
  [D] round 5/6  T=120.0C Q=0.5mL/min EGDA=1.000M cat=1.000M k1_ref=9.809e-04  Ea1= 40.4  maxCI=204769.1%  logdetF= 15.7
  [D] round 6/6  T=160.0C Q=0.5mL/min EGDA=1.000M cat=1.000M k1_ref=9.720e-04  Ea1= 40.6  maxCI=3403093554022956.0%  logdetF= 15.3
    S6_resources/D/seed1: 2.9 s
  [D] round 1/6  T=40.0C Q=1.0mL/min EGDA=1.000M cat=0.500M k1_ref=6.567e-03  Ea1= 67.3  maxCI=    inf%  logdetF=-inf
  [D] round 2/6  T=160.0C Q=2.0mL/min EGDA=1.000M cat=0.500M k1_ref=2.646e-03  Ea1= 27.9  maxCI=    inf%  logdetF=-inf
  [D] round 3/6  T=140.0C Q=0.5mL/min EGDA=1.000M cat=1.000M k1_ref=1.858e-03  Ea1= 31.7  maxCI=    inf%  logdetF=-1.7
  [D] round 4/6  T=160.0C Q=0.5mL/min EGDA=1.000M cat=1.000M k1_ref=1.215e-03  Ea1= 37.6  maxCI=    inf%  logdetF= 8.2
  [D] round 5/6  T=160.0C Q=0.5mL/min EGDA=1.000M cat=1.000M k1_ref=1.134e-03  Ea1= 38.6  maxCI=    inf%  logdetF= 10.6
  [D] round 6/6  T=120.0C Q=0.5mL/min EGDA=1.000M cat=1.000M k1_ref=1.008e-03  Ea1= 40.1  maxCI=46616376533.3%  logdetF= 15.2
    S6_resources/D/seed2: 3.0 s
  [D] round 1/6  T=40.0C Q=1.0mL/min EGDA=1.000M cat=0.500M k1_ref=4.959e-03  Ea1= 48.4  maxCI=    inf%  logdetF=-inf
  [D] round 2/6  T=140.0C Q=0.5mL/min EGDA=1.000M cat=1.000M k1_ref=2.886e-03  Ea1= 25.0  maxCI=    inf%  logdetF=-inf
  [D] round 3/6  T=160.0C Q=0.5mL/min EGDA=1.000M cat=1.000M k1_ref=1.064e-03  Ea1= 39.3  maxCI=    inf%  logdetF= 8.6
  [D] round 4/6  T=160.0C Q=0.5mL/min EGDA=1.000M cat=1.000M k1_ref=1.116e-03  Ea1= 38.6  maxCI=    inf%  logdetF= 11.1
  [D] round 5/6  T=120.0C Q=0.5mL/min EGDA=1.000M cat=1.000M k1_ref=1.012e-03  Ea1= 39.8  maxCI=    inf%  logdetF= 13.1
  [D] round 6/6  T=160.0C Q=0.5mL/min EGDA=1.000M cat=1.000M k1_ref=1.004e-03  Ea1= 40.0  maxCI=    inf%  logdetF= 14.6
    S6_resources/D/seed3: 2.6 s
  [D] round 1/6  T=40.0C Q=1.0mL/min EGDA=1.000M cat=0.500M k1_ref=2.939e-03  Ea1= 54.0  maxCI=    inf%  logdetF=-inf
  [D] round 2/6  T=140.0C Q=0.5mL/min EGDA=1.000M cat=1.000M k1_ref=1.779e-03  Ea1= 32.2  maxCI=    inf%  logdetF=-inf
  [D] round 3/6  T=160.0C Q=0.5mL/min EGDA=1.000M cat=1.000M k1_ref=1.135e-03  Ea1= 38.6  maxCI=39915.0%  logdetF= 12.4
  [D] round 4/6  T=160.0C Q=0.5mL/min EGDA=1.000M cat=1.000M k1_ref=1.086e-03  Ea1= 39.3  maxCI=1845234272976111.2%  logdetF= 13.2
  [D] round 5/6  T=120.0C Q=0.5mL/min EGDA=1.000M cat=1.000M k1_ref=9.486e-04  Ea1= 41.0  maxCI=    inf%  logdetF= 14.8
  [D] round 6/6  T=160.0C Q=0.5mL/min EGDA=1.000M cat=1.000M k1_ref=9.667e-04  Ea1= 40.7  maxCI=69188168958639.5%  logdetF= 16.3
    S6_resources/D/seed4: 3.2 s
  [F] round 1/6  T=40.0C Q=1.0mL/min EGDA=1.000M cat=0.500M n_z=10  NORMAL_LEARNING      rev-pitzer=1.00
  [F] round 2/6  T=160.0C Q=0.5mL/min EGDA=1.000M cat=1.000M n_z=10  NORMAL_LEARNING      rev-pitzer=1.00
  [F] round 3/6  T=120.0C Q=0.5mL/min EGDA=1.000M cat=1.000M n_z=10  NORMAL_LEARNING      rev-pitzer=1.00
  [F] round 4/6  T=160.0C Q=0.5mL/min EGDA=1.000M cat=1.000M n_z=10  NORMAL_LEARNING      rev-pitzer=1.00
  [F] round 5/6  T=160.0C Q=0.5mL/min EGDA=1.000M cat=1.000M n_z=10  NORMAL_LEARNING      rev-pitzer=1.00
  [F] round 6/6  T=140.0C Q=0.5mL/min EGDA=1.000M cat=1.000M n_z=10  NORMAL_LEARNING      rev-pitzer=1.00
    S6_resources/F/seed1: 3.9 s
  [F] round 1/6  T=40.0C Q=1.0mL/min EGDA=1.000M cat=0.500M n_z=10  NORMAL_LEARNING      rev-pitzer=1.00
  [F] round 2/6  T=160.0C Q=0.5mL/min EGDA=1.000M cat=1.000M n_z=10  NORMAL_LEARNING      rev-pitzer=1.00
  [F] round 3/6  T=140.0C Q=0.5mL/min EGDA=1.000M cat=1.000M n_z=10  MODEL_INADEQUATE     rev-pitzer=1.00
  [F] round 4/6  T=160.0C Q=0.5mL/min EGDA=1.000M cat=1.000M n_z=10  NORMAL_LEARNING      rev-pitzer=1.00
  [F] round 5/6  T=120.0C Q=0.5mL/min EGDA=1.000M cat=1.000M n_z=10  NORMAL_LEARNING      rev-pitzer=1.00
  [F] round 6/6  T=120.0C Q=0.5mL/min EGDA=1.000M cat=1.000M n_z=10  NORMAL_LEARNING      rev-pitzer=1.00
    S6_resources/F/seed2: 3.8 s
  [F] round 1/6  T=40.0C Q=1.0mL/min EGDA=1.000M cat=0.500M n_z=10  NORMAL_LEARNING      rev-pitzer=1.00
  [F] round 2/6  T=160.0C Q=0.5mL/min EGDA=1.000M cat=0.500M n_z=10  NORMAL_LEARNING      rev-pitzer=1.00
  [F] round 3/6  T=120.0C Q=0.5mL/min EGDA=1.000M cat=1.000M n_z=10  NORMAL_LEARNING      rev-pitzer=1.00
  [F] round 4/6  T=160.0C Q=0.5mL/min EGDA=1.000M cat=1.000M n_z=10  NORMAL_LEARNING      rev-pitzer=1.00
  [F] round 5/6  T=160.0C Q=0.5mL/min EGDA=1.000M cat=1.000M n_z=10  NORMAL_LEARNING      rev-pitzer=1.00
  [F] round 6/6  T=120.0C Q=0.5mL/min EGDA=1.000M cat=1.000M n_z=10  NORMAL_LEARNING      rev-pitzer=1.00
    S6_resources/F/seed3: 3.8 s
  [F] round 1/6  T=40.0C Q=1.0mL/min EGDA=1.000M cat=0.500M n_z=10  NORMAL_LEARNING      rev-pitzer=1.00
  [F] round 2/6  T=160.0C Q=0.5mL/min EGDA=1.000M cat=1.000M n_z=10  NORMAL_LEARNING      rev-pitzer=1.00
  [F] round 3/6  T=140.0C Q=0.5mL/min EGDA=1.000M cat=1.000M n_z=10  NORMAL_LEARNING      rev-pitzer=1.00
  [F] round 4/6  T=160.0C Q=0.5mL/min EGDA=1.000M cat=1.000M n_z=10  NORMAL_LEARNING      rev-pitzer=1.00
  [F] round 5/6  T=100.0C Q=0.5mL/min EGDA=1.000M cat=1.000M n_z=10  NORMAL_LEARNING      rev-pitzer=1.00
  [F] round 6/6  T=160.0C Q=0.5mL/min EGDA=1.000M cat=1.000M n_z=10  NORMAL_LEARNING      rev-pitzer=1.00
    S6_resources/F/seed4: 3.9 s
  [F-resource] round 1/6  T=40.0C Q=1.0mL/min EGDA=1.000M cat=0.500M n_z=10  NORMAL_LEARNING      rev-pitzer=1.00
  [F-resource] round 2/6  T=140.0C Q=0.5mL/min EGDA=1.000M cat=1.000M n_z=10  NORMAL_LEARNING      rev-pitzer=1.00
  [F-resource] round 3/6  T=160.0C Q=0.5mL/min EGDA=1.000M cat=1.000M n_z=10  NORMAL_LEARNING      rev-pitzer=1.00
  [F-resource] round 4/6  T=160.0C Q=0.5mL/min EGDA=1.000M cat=1.000M n_z=10  NORMAL_LEARNING      rev-pitzer=1.00
  [F-resource] round 5/6  T=160.0C Q=0.5mL/min EGDA=1.000M cat=1.000M n_z=10  NORMAL_LEARNING      rev-pitzer=1.00
  [F-resource] round 6/6  T=160.0C Q=0.5mL/min EGDA=1.000M cat=1.000M n_z=10  NORMAL_LEARNING      rev-pitzer=1.00
    S6_resources/F-resource/seed1: 3.9 s
  [F-resource] round 1/6  T=40.0C Q=1.0mL/min EGDA=1.000M cat=0.500M n_z=10  NORMAL_LEARNING      rev-pitzer=1.00
  [F-resource] round 2/6  T=140.0C Q=0.5mL/min EGDA=1.000M cat=1.000M n_z=10  NORMAL_LEARNING      rev-pitzer=1.00
  [F-resource] round 3/6  T=160.0C Q=0.5mL/min EGDA=1.000M cat=1.000M n_z=10  NORMAL_LEARNING      rev-pitzer=1.00
  [F-resource] round 4/6  T=160.0C Q=0.5mL/min EGDA=1.000M cat=1.000M n_z=10  NORMAL_LEARNING      rev-pitzer=1.00
  [F-resource] round 5/6  T=160.0C Q=0.5mL/min EGDA=1.000M cat=0.500M n_z=10  NORMAL_LEARNING      rev-pitzer=1.00
  [F-resource] round 6/6  T=160.0C Q=0.5mL/min EGDA=1.000M cat=0.500M n_z=10  NORMAL_LEARNING      rev-pitzer=1.00
    S6_resources/F-resource/seed2: 3.8 s
  [F-resource] round 1/6  T=40.0C Q=1.0mL/min EGDA=1.000M cat=0.500M n_z=10  NORMAL_LEARNING      rev-pitzer=1.00
  [F-resource] round 2/6  T=140.0C Q=0.5mL/min EGDA=1.000M cat=1.000M n_z=10  NORMAL_LEARNING      rev-pitzer=1.00
  [F-resource] round 3/6  T=160.0C Q=0.5mL/min EGDA=1.000M cat=0.500M n_z=10  NORMAL_LEARNING      rev-pitzer=1.00
  [F-resource] round 4/6  T=160.0C Q=0.5mL/min EGDA=1.000M cat=1.000M n_z=10  NORMAL_LEARNING      rev-pitzer=1.00
  [F-resource] round 5/6  T=160.0C Q=0.5mL/min EGDA=1.000M cat=1.000M n_z=10  NORMAL_LEARNING      rev-pitzer=1.00
  [F-resource] round 6/6  T=160.0C Q=0.5mL/min EGDA=1.000M cat=1.000M n_z=10  NORMAL_LEARNING      rev-pitzer=1.00
    S6_resources/F-resource/seed3: 3.9 s
  [F-resource] round 1/6  T=40.0C Q=1.0mL/min EGDA=1.000M cat=0.500M n_z=10  NORMAL_LEARNING      rev-pitzer=1.00
  [F-resource] round 2/6  T=140.0C Q=0.5mL/min EGDA=1.000M cat=1.000M n_z=10  NORMAL_LEARNING      rev-pitzer=1.00
  [F-resource] round 3/6  T=160.0C Q=0.5mL/min EGDA=1.000M cat=1.000M n_z=10  NORMAL_LEARNING      rev-pitzer=1.00
  [F-resource] round 4/6  T=160.0C Q=0.5mL/min EGDA=1.000M cat=1.000M n_z=10  NORMAL_LEARNING      rev-pitzer=1.00
  [F-resource] round 5/6  T=160.0C Q=0.5mL/min EGDA=1.000M cat=1.000M n_z=10  NORMAL_LEARNING      rev-pitzer=1.00
  [F-resource] round 6/6  T=160.0C Q=0.5mL/min EGDA=1.000M cat=0.500M n_z=10  NORMAL_LEARNING      rev-pitzer=1.00
    S6_resources/F-resource/seed4: 3.8 s
    S6_resources done in 43 s
saved: /Users/hosseinostovar/Desktop/python/Kinetics_sim/EGDA/SDL_MBDoE/results_advanced/benchmark/benchmark_rounds.csv
saved: /Users/hosseinostovar/Desktop/python/Kinetics_sim/EGDA/SDL_MBDoE/results_advanced/benchmark/figure_E_S1_ideal_per_condition.png
saved: /Users/hosseinostovar/Desktop/python/Kinetics_sim/EGDA/SDL_MBDoE/results_advanced/benchmark/figure_E_S1_ideal_per_condition.csv
saved: /Users/hosseinostovar/Desktop/python/Kinetics_sim/EGDA/SDL_MBDoE/results_advanced/benchmark/figure_E_S1_ideal_per_time.png
saved: /Users/hosseinostovar/Desktop/python/Kinetics_sim/EGDA/SDL_MBDoE/results_advanced/benchmark/figure_E_S1_ideal_per_time.csv
saved: /Users/hosseinostovar/Desktop/python/Kinetics_sim/EGDA/SDL_MBDoE/results_advanced/benchmark/figure_E_S2_nmr_per_condition.png
saved: /Users/hosseinostovar/Desktop/python/Kinetics_sim/EGDA/SDL_MBDoE/results_advanced/benchmark/figure_E_S2_nmr_per_condition.csv
saved: /Users/hosseinostovar/Desktop/python/Kinetics_sim/EGDA/SDL_MBDoE/results_advanced/benchmark/figure_E_S2_nmr_per_time.png
saved: /Users/hosseinostovar/Desktop/python/Kinetics_sim/EGDA/SDL_MBDoE/results_advanced/benchmark/figure_E_S2_nmr_per_time.csv
saved: /Users/hosseinostovar/Desktop/python/Kinetics_sim/EGDA/SDL_MBDoE/results_advanced/benchmark/figure_E_S3_transport_per_condition.png
saved: /Users/hosseinostovar/Desktop/python/Kinetics_sim/EGDA/SDL_MBDoE/results_advanced/benchmark/figure_E_S3_transport_per_condition.csv
saved: /Users/hosseinostovar/Desktop/python/Kinetics_sim/EGDA/SDL_MBDoE/results_advanced/benchmark/figure_E_S3_transport_per_time.png
saved: /Users/hosseinostovar/Desktop/python/Kinetics_sim/EGDA/SDL_MBDoE/results_advanced/benchmark/figure_E_S3_transport_per_time.csv
saved: /Users/hosseinostovar/Desktop/python/Kinetics_sim/EGDA/SDL_MBDoE/results_advanced/benchmark/figure_E_S4_ambiguity_per_condition.png
saved: /Users/hosseinostovar/Desktop/python/Kinetics_sim/EGDA/SDL_MBDoE/results_advanced/benchmark/figure_E_S4_ambiguity_per_condition.csv
saved: /Users/hosseinostovar/Desktop/python/Kinetics_sim/EGDA/SDL_MBDoE/results_advanced/benchmark/figure_E_S4_ambiguity_per_time.png
saved: /Users/hosseinostovar/Desktop/python/Kinetics_sim/EGDA/SDL_MBDoE/results_advanced/benchmark/figure_E_S4_ambiguity_per_time.csv
saved: /Users/hosseinostovar/Desktop/python/Kinetics_sim/EGDA/SDL_MBDoE/results_advanced/benchmark/figure_E_S5_inadequacy_per_condition.png
saved: /Users/hosseinostovar/Desktop/python/Kinetics_sim/EGDA/SDL_MBDoE/results_advanced/benchmark/figure_E_S5_inadequacy_per_condition.csv
saved: /Users/hosseinostovar/Desktop/python/Kinetics_sim/EGDA/SDL_MBDoE/results_advanced/benchmark/figure_E_S5_inadequacy_per_time.png
saved: /Users/hosseinostovar/Desktop/python/Kinetics_sim/EGDA/SDL_MBDoE/results_advanced/benchmark/figure_E_S5_inadequacy_per_time.csv
saved: /Users/hosseinostovar/Desktop/python/Kinetics_sim/EGDA/SDL_MBDoE/results_advanced/benchmark/figure_E_S6_resources_per_condition.png
saved: /Users/hosseinostovar/Desktop/python/Kinetics_sim/EGDA/SDL_MBDoE/results_advanced/benchmark/figure_E_S6_resources_per_condition.csv
saved: /Users/hosseinostovar/Desktop/python/Kinetics_sim/EGDA/SDL_MBDoE/results_advanced/benchmark/figure_E_S6_resources_per_time.png
saved: /Users/hosseinostovar/Desktop/python/Kinetics_sim/EGDA/SDL_MBDoE/results_advanced/benchmark/figure_E_S6_resources_per_time.csv
saved: /Users/hosseinostovar/Desktop/python/Kinetics_sim/EGDA/SDL_MBDoE/results_advanced/benchmark/figure_F_inadequacy.png
saved: /Users/hosseinostovar/Desktop/python/Kinetics_sim/EGDA/SDL_MBDoE/results_advanced/benchmark/figure_F_inadequacy.csv
saved: /Users/hosseinostovar/Desktop/python/Kinetics_sim/EGDA/SDL_MBDoE/results_advanced/benchmark/figure_G_resources_S6_resources.png
saved: /Users/hosseinostovar/Desktop/python/Kinetics_sim/EGDA/SDL_MBDoE/results_advanced/benchmark/figure_G_resources_S6_resources.csv
saved: /Users/hosseinostovar/Desktop/python/Kinetics_sim/EGDA/SDL_MBDoE/results_advanced/benchmark/figure_H_ablation.png
saved: /Users/hosseinostovar/Desktop/python/Kinetics_sim/EGDA/SDL_MBDoE/results_advanced/benchmark/figure_H_ablation.csv
saved: /Users/hosseinostovar/Desktop/python/Kinetics_sim/EGDA/SDL_MBDoE/results_advanced/benchmark/strategy_table.csv

scenario       strategy      param_err_pct  max_rel_ci_pct  p_correct  blind_rmse_mM  conditions  acquisitions  egda_mol  time_h  travel_m  energy_kJ  n_seeds
S1_ideal       A             171.6          1e+04           nan        1.445          6           6             0.03129   1.043   0         81.85      4      
S1_ideal       B             147.4          1e+04           nan        1.14           6           60            0.07426   2.475   0.594     108.9      4      
S1_ideal       C             78.47          1e+04           nan        0.8007         6           6             0.08013   1.685   0         189.5      4      
S1_ideal       D             46.71          7174            nan        0.3438         6           60            0.1567    3.129   0.594     269        4      
S1_ideal       E             49.77          1e+04           nan        0.2465         6           60            0.07216   3.099   0.3307    173.6      4      
S1_ideal       F             19.25          696.6           nan        0.2191         6           60            0.0524    3.204   0.2808    158.8      4      
S2_nmr         B             167.1          1e+04           nan        1.298          6           60            0.07426   2.475   0.594     108.9      4      
S2_nmr         D             91.8           1e+04           nan        0.5516         6           60            0.06153   3.094   0.594     155.8      4      
S2_nmr         F             8.501          670.8           nan        0.152          6           60            0.05321   3.258   0.2719    163.6      4      
S3_transport   D             126.9          1e+04           nan        20.88          6           60            0.05189   3.164   0.594     149.5      4      
S3_transport   F             7.48           672.6           nan        0.5067         6           60            0.05488   3.369   0.2727    175.3      4      
S3_transport   F-uncorr      129.9          34.57           nan        18.02          6           60            0.05046   3.074   0.3484    144.9      4      
S4_ambiguity   D             91.8           1e+04           nan        0.5516         6           60            0.06153   3.094   0.594     155.8      4      
S4_ambiguity   F             9.374          686.2           0.5101     0.194          6           60            0.05274   3.227   0.2462    159.6      4      
S5_inadequacy  D             9.481          35.1            nan        0.9888         6           60            0.1173    3.299   0.594     237.5      4      
S5_inadequacy  F             11.67          18.59           nan        1.146          6           60            0.05349   3.276   0.2043    166        4      
S5_inadequacy  F-noGovernor  11.87          21.54           nan        1.13           6           60            0.05391   3.304   0.2043    168.5      4      
S6_resources   D             91.8           1e+04           nan        0.5516         6           60            0.06153   3.094   0.594     155.8      4      
S6_resources   F             8.501          670.8           nan        0.152          6           60            0.05321   3.258   0.2719    163.6      4      
S6_resources   F-resource    7.074          670.5           nan        0.1634         6           60            0.04372   2.625   0.316     98.39      4      

Governor false-positive rate under correct model (per round): 1/48 = 2.1%

Benchmark finished in 3.9 min. Outputs in: /Users/hosseinostovar/Desktop/python/Kinetics_sim/EGDA/SDL_MBDoE/results_advanced/benchmark
